test_bounded_audit_controls (test_builder.ArtifactTests.test_bounded_audit_controls) ... ok
test_periodic_table_round_trip (test_builder.ArtifactTests.test_periodic_table_round_trip) ... ok
test_expected_fixture_winners (test_builder.BalanceTests.test_expected_fixture_winners) ... ok
test_structural_operators_are_incomparable_without_bridge (test_builder.BalanceTests.test_structural_operators_are_incomparable_without_bridge) ... ok
test_all_nand_certificates_verify (test_builder.BooleanCalibrationTests.test_all_nand_certificates_verify) ... ok
test_complete_boolean_registry (test_builder.BooleanCalibrationTests.test_complete_boolean_registry) ... ok
test_operator_properties_spot_checks (test_builder.BooleanCalibrationTests.test_operator_properties_spot_checks) ... ok
test_xnor_negative_control_at_four_gates (test_builder.BooleanCalibrationTests.test_xnor_negative_control_at_four_gates) ... ok
test_protocol_and_duplicate (test_builder.BuilderProtocolTests.test_protocol_and_duplicate) ... ok
test_rejected_proposal_cannot_be_admitted (test_builder.BuilderProtocolTests.test_rejected_proposal_cannot_be_admitted) ... ok
test_compass_census_and_independent_orbits (test_builder.CompassTests.test_compass_census_and_independent_orbits) ... ok
test_heading_canonicalization (test_builder.CompassTests.test_heading_canonicalization) ... ok
test_equal_gain_loss_is_not_no_change (test_builder.SPrimeTests.test_equal_gain_loss_is_not_no_change) ... ok
test_representation_only (test_builder.SPrimeTests.test_representation_only) ... ok
test_agreement_does_not_establish_independence (test_contextual_multicarrier.ContextualMultiCarrierTests.test_agreement_does_not_establish_independence) ... ok
test_bbf_analogy_detects_loss_and_introduction (test_contextual_multicarrier.ContextualMultiCarrierTests.test_bbf_analogy_detects_loss_and_introduction) ... ok
test_bbf_analogy_preserved (test_contextual_multicarrier.ContextualMultiCarrierTests.test_bbf_analogy_preserved) ... ok
test_canonical_json_is_deterministic (test_contextual_multicarrier.ContextualMultiCarrierTests.test_canonical_json_is_deterministic) ... ok
test_compare_detects_loss_and_introduction (test_contextual_multicarrier.ContextualMultiCarrierTests.test_compare_detects_loss_and_introduction) ... ok
test_confound_audit_catches_cross_carrier_overclaims (test_contextual_multicarrier.ContextualMultiCarrierTests.test_confound_audit_catches_cross_carrier_overclaims) ... ok
test_gate_promotes_verified_admitted_bounded_successor (test_contextual_multicarrier.ContextualMultiCarrierTests.test_gate_promotes_verified_admitted_bounded_successor) ... ok
test_gate_reopens_agreement_only_candidate (test_contextual_multicarrier.ContextualMultiCarrierTests.test_gate_reopens_agreement_only_candidate) ... ok
test_interpreters_remain_separate (test_contextual_multicarrier.ContextualMultiCarrierTests.test_interpreters_remain_separate) ... ok
test_one_occurrence_can_have_multiple_roles (test_contextual_multicarrier.ContextualMultiCarrierTests.test_one_occurrence_can_have_multiple_roles) ... ok
test_projection_has_four_carriers_and_claim_ceilings (test_contextual_multicarrier.ContextualMultiCarrierTests.test_projection_has_four_carriers_and_claim_ceilings) ... ok
test_same_word_binds_differently_by_context (test_contextual_multicarrier.ContextualMultiCarrierTests.test_same_word_binds_differently_by_context) ... ok
test_consequential_equivalence_is_task_local (test_decision_field.DecisionFieldTests.test_consequential_equivalence_is_task_local) ... ok
test_gravity_score_is_lexicographic (test_decision_field.DecisionFieldTests.test_gravity_score_is_lexicographic) ... ok
test_impossible_goal_is_certified (test_decision_field.DecisionFieldTests.test_impossible_goal_is_certified) ... ok
test_operator_reaches_goal (test_decision_field.DecisionFieldTests.test_operator_reaches_goal) ... ok
test_mathbox_adapter_module_exists (test_fkdb_adapter_mathbox.FkdbMathboxAdapterRedContractTests.test_mathbox_adapter_module_exists) ... ok
test_config_and_events_become_ordered_raw_json_carriers (test_fkdb_adapter_mathbox.FkdbMathboxAdapterTests.test_config_and_events_become_ordered_raw_json_carriers) ... ok
test_file_limit_is_partial_and_explicit (test_fkdb_adapter_mathbox.FkdbMathboxAdapterTests.test_file_limit_is_partial_and_explicit) ... ok
test_invalid_json_is_explicit_remainder_not_crash (test_fkdb_adapter_mathbox.FkdbMathboxAdapterTests.test_invalid_json_is_explicit_remainder_not_crash) ... ok
test_mathbox_labels_are_not_promoted_to_proved (test_fkdb_adapter_mathbox.FkdbMathboxAdapterTests.test_mathbox_labels_are_not_promoted_to_proved) ... ok
test_no_mathbox_is_unavailable (test_fkdb_adapter_mathbox.FkdbMathboxAdapterTests.test_no_mathbox_is_unavailable) ... ok
test_symlinked_mathbox_escape_is_rejected (test_fkdb_adapter_mathbox.FkdbMathboxAdapterTests.test_symlinked_mathbox_escape_is_rejected) ... ok
test_all_provider_authority_scopes_and_raw_records_are_preserved (test_fkdb_adapter_portable_provider.PortableProviderTests.test_all_provider_authority_scopes_and_raw_records_are_preserved) ... ok
test_path_escape_is_rejected (test_fkdb_adapter_portable_provider.PortableProviderTests.test_path_escape_is_rejected) ... ok
test_provider_spoofing_is_rejected (test_fkdb_adapter_portable_provider.PortableProviderTests.test_provider_spoofing_is_rejected) ... ok
test_record_and_byte_bounds_are_explicit (test_fkdb_adapter_portable_provider.PortableProviderTests.test_record_and_byte_bounds_are_explicit) ... ok
test_wrong_schema_and_malformed_record_are_explicit (test_fkdb_adapter_portable_provider.PortableProviderTests.test_wrong_schema_and_malformed_record_are_explicit) ... ok
test_railway_adapter_module_exists (test_fkdb_adapter_railway.FkdbRailwayAdapterRedContractTests.test_railway_adapter_module_exists) ... ok
test_collection_order_bounds_and_symlink_confinement (test_fkdb_adapter_railway.FkdbRailwayAdapterTests.test_collection_order_bounds_and_symlink_confinement) ... ok
test_current_iac_is_preserved_as_current_authority (test_fkdb_adapter_railway.FkdbRailwayAdapterTests.test_current_iac_is_preserved_as_current_authority) ... ok
test_legacy_configs_are_retained_with_deprecation_and_cutoff (test_fkdb_adapter_railway.FkdbRailwayAdapterTests.test_legacy_configs_are_retained_with_deprecation_and_cutoff) ... ok
test_missing_railway_artifacts_are_unavailable (test_fkdb_adapter_railway.FkdbRailwayAdapterTests.test_missing_railway_artifacts_are_unavailable) ... ok
test_portable_log_snapshot_is_raw_artifact_not_live_state (test_fkdb_adapter_railway.FkdbRailwayAdapterTests.test_portable_log_snapshot_is_raw_artifact_not_live_state) ... ok
test_supabase_adapter_module_exists (test_fkdb_adapter_supabase.FkdbSupabaseAdapterRedContractTests.test_supabase_adapter_module_exists) ... ok
test_collection_limits_return_partial_with_explicit_remainder (test_fkdb_adapter_supabase.FkdbSupabaseAdapterTests.test_collection_limits_return_partial_with_explicit_remainder) ... ok
test_collects_config_migration_seed_and_function_artifacts_in_order (test_fkdb_adapter_supabase.FkdbSupabaseAdapterTests.test_collects_config_migration_seed_and_function_artifacts_in_order) ... ok
test_missing_supabase_project_is_unavailable (test_fkdb_adapter_supabase.FkdbSupabaseAdapterTests.test_missing_supabase_project_is_unavailable) ... ok
test_secret_like_files_are_not_collected (test_fkdb_adapter_supabase.FkdbSupabaseAdapterTests.test_secret_like_files_are_not_collected) ... ok
test_symlinked_supabase_root_cannot_escape_allowed_root (test_fkdb_adapter_supabase.FkdbSupabaseAdapterTests.test_symlinked_supabase_root_cannot_escape_allowed_root) ... ok
test_superpowers_adapter_module_exists (test_fkdb_adapter_superpowers.FkdbSuperpowersAdapterRedContractTests.test_superpowers_adapter_module_exists) ... ok
test_content_is_preserved_raw_and_hash_matches (test_fkdb_adapter_superpowers.FkdbSuperpowersAdapterTests.test_content_is_preserved_raw_and_hash_matches) ... ok
test_file_and_byte_limits_are_explicit (test_fkdb_adapter_superpowers.FkdbSuperpowersAdapterTests.test_file_and_byte_limits_are_explicit) ... ok
test_missing_superpowers_tree_is_unavailable (test_fkdb_adapter_superpowers.FkdbSuperpowersAdapterTests.test_missing_superpowers_tree_is_unavailable) ... ok
test_specs_plans_and_progress_are_distinguished_and_ordered (test_fkdb_adapter_superpowers.FkdbSuperpowersAdapterTests.test_specs_plans_and_progress_are_distinguished_and_ordered) ... ok
test_symlinked_superpowers_tree_escape_is_rejected (test_fkdb_adapter_superpowers.FkdbSuperpowersAdapterTests.test_symlinked_superpowers_tree_escape_is_rejected) ... ok
test_wolfram_adapter_module_exists (test_fkdb_adapter_wolfram.FkdbWolframAdapterRedContractTests.test_wolfram_adapter_module_exists) ... ok
test_binary_notebook_bytes_are_preserved_as_base64_with_raw_hash (test_fkdb_adapter_wolfram.FkdbWolframAdapterTests.test_binary_notebook_bytes_are_preserved_as_base64_with_raw_hash) ... ok
test_discovered_wolframscript_is_degraded_not_executable (test_fkdb_adapter_wolfram.FkdbWolframAdapterTests.test_discovered_wolframscript_is_degraded_not_executable) ... ok
test_missing_executable_does_not_advertise_process_capability (test_fkdb_adapter_wolfram.FkdbWolframAdapterTests.test_missing_executable_does_not_advertise_process_capability) ... ok
test_text_wolfram_artifact_is_collected_read_only (test_fkdb_adapter_wolfram.FkdbWolframAdapterTests.test_text_wolfram_artifact_is_collected_read_only) ... ok
test_unsupported_or_oversized_artifact_is_rejected_or_partial (test_fkdb_adapter_wolfram.FkdbWolframAdapterTests.test_unsupported_or_oversized_artifact_is_rejected_or_partial) ... ok
test_zotero_adapter_module_exists (test_fkdb_adapter_zotero.FkdbZoteroAdapterRedContractTests.test_zotero_adapter_module_exists) ... ok
test_portable_bib_ris_and_json_are_raw_source_carriers (test_fkdb_adapter_zotero.FkdbZoteroAdapterTests.test_portable_bib_ris_and_json_are_raw_source_carriers) ... ok
test_read_only_local_api_search_preserves_item_keys_and_bounds_query (test_fkdb_adapter_zotero.FkdbZoteroAdapterTests.test_read_only_local_api_search_preserves_item_keys_and_bounds_query) ... ok
test_redirect_to_non_loopback_is_rejected (test_fkdb_adapter_zotero.FkdbZoteroAdapterTests.test_redirect_to_non_loopback_is_rejected) ... ok
test_unavailable_local_api_is_unavailable (test_fkdb_adapter_zotero.FkdbZoteroAdapterTests.test_unavailable_local_api_is_unavailable) ... ok
test_admission_preserves_provider_authority_and_source_identity (test_fkdb_cross_carrier.CrossCarrierTests.test_admission_preserves_provider_authority_and_source_identity) ... ok
test_contradictions_require_same_explicit_subject_and_different_claim (test_fkdb_cross_carrier.CrossCarrierTests.test_contradictions_require_same_explicit_subject_and_different_claim) ... ok
test_duplicate_carrier_id_is_rejected (test_fkdb_cross_carrier.CrossCarrierTests.test_duplicate_carrier_id_is_rejected) ... ok
test_external_overlay_is_queryable_without_mutating_canonical_index (test_fkdb_cross_carrier.CrossCarrierTests.test_external_overlay_is_queryable_without_mutating_canonical_index) ... ok
test_external_record_collision_is_rejected (test_fkdb_cross_carrier.CrossCarrierTests.test_external_record_collision_is_rejected) ... ok
test_external_records_are_separate_from_static_index_and_queryable_terms_are_bounded (test_fkdb_cross_carrier.CrossCarrierTests.test_external_records_are_separate_from_static_index_and_queryable_terms_are_bounded) ... ok
test_no_subject_key_means_no_inferred_contradiction (test_fkdb_cross_carrier.CrossCarrierTests.test_no_subject_key_means_no_inferred_contradiction) ... ok
test_failure_is_retrievable_not_discarded (test_fkdb_index.FkdbIndexTests.test_failure_is_retrievable_not_discarded) ... ok
test_independent_browser_recovers_predecessor (test_fkdb_index.FkdbIndexTests.test_independent_browser_recovers_predecessor) ... ok
test_multiple_candidates_remain_explicit (test_fkdb_index.FkdbIndexTests.test_multiple_candidates_remain_explicit) ... ok
test_no_match_is_not_falsehood (test_fkdb_index.FkdbIndexTests.test_no_match_is_not_falsehood) ... ok
test_scan_cost_is_explicit (test_fkdb_index.FkdbIndexTests.test_scan_cost_is_explicit) ... ok
test_unsupported_query_is_unresolved (test_fkdb_index.FkdbIndexTests.test_unsupported_query_is_unresolved) ... ok
test_webassembly_recovers_hif_framework (test_fkdb_index.FkdbIndexTests.test_webassembly_recovers_hif_framework) ... ok
test_relabelled_retained_sources_are_denied_over_http (test_fkdb_infrastructure_secret_import.InfrastructureSecretHttpImportTests.test_relabelled_retained_sources_are_denied_over_http) ... ok
test_retained_forbidden_infrastructure_local_files_are_denied_over_http (test_fkdb_infrastructure_secret_import.InfrastructureSecretHttpImportTests.test_retained_forbidden_infrastructure_local_files_are_denied_over_http) ... ok
test_valid_infrastructure_local_file_counterparts_are_admitted_over_http (test_fkdb_infrastructure_secret_import.InfrastructureSecretHttpImportTests.test_valid_infrastructure_local_file_counterparts_are_admitted_over_http) ... ok
test_declared_provider_origin_cannot_be_hidden_by_a_changed_tool_id (test_fkdb_infrastructure_secrets.InfrastructureSecretExclusionTests.test_declared_provider_origin_cannot_be_hidden_by_a_changed_tool_id) ... ok
test_ordinary_stream_names_remain_admissible (test_fkdb_infrastructure_secrets.InfrastructureSecretExclusionTests.test_ordinary_stream_names_remain_admissible) ... ok
test_original_forbidden_paths_never_become_validated_carriers_or_index_records (test_fkdb_infrastructure_secrets.InfrastructureSecretExclusionTests.test_original_forbidden_paths_never_become_validated_carriers_or_index_records) ... ok
test_prefixed_and_camel_secret_filenames_preserve_prior_exclusion (test_fkdb_infrastructure_secrets.InfrastructureSecretExclusionTests.test_prefixed_and_camel_secret_filenames_preserve_prior_exclusion) ... ok
test_railway_checks_secret_sensitive_symlink_alias_and_target_before_read (test_fkdb_infrastructure_secrets.InfrastructureSecretExclusionTests.test_railway_checks_secret_sensitive_symlink_alias_and_target_before_read) ... ok
test_railway_fixed_artifact_symlink_target_is_screened_before_read (test_fkdb_infrastructure_secrets.InfrastructureSecretExclusionTests.test_railway_fixed_artifact_symlink_target_is_screened_before_read) ... ok
test_railway_nested_case_and_private_key_variants_are_excluded_before_read (test_fkdb_infrastructure_secrets.InfrastructureSecretExclusionTests.test_railway_nested_case_and_private_key_variants_are_excluded_before_read) ... ok
test_railway_original_explicit_snapshot_failures_are_excluded_before_read (test_fkdb_infrastructure_secrets.InfrastructureSecretExclusionTests.test_railway_original_explicit_snapshot_failures_are_excluded_before_read) ... ok
test_registry_rejects_a_bypassed_forbidden_carrier (test_fkdb_infrastructure_secrets.InfrastructureSecretExclusionTests.test_registry_rejects_a_bypassed_forbidden_carrier) ... ok
test_relabelled_retained_sources_cannot_bypass_validation_or_bundle_import (test_fkdb_infrastructure_secrets.InfrastructureSecretExclusionTests.test_relabelled_retained_sources_cannot_bypass_validation_or_bundle_import) ... ok
test_retained_admission_records_cannot_bypass_index_projection (test_fkdb_infrastructure_secrets.InfrastructureSecretExclusionTests.test_retained_admission_records_cannot_bypass_index_projection) ... ok
test_retained_external_records_cannot_bypass_index_overlay (test_fkdb_infrastructure_secrets.InfrastructureSecretExclusionTests.test_retained_external_records_cannot_bypass_index_overlay) ... ok
test_retained_forbidden_bundle_import_is_rejected (test_fkdb_infrastructure_secrets.InfrastructureSecretExclusionTests.test_retained_forbidden_bundle_import_is_rejected) ... ok
test_retained_forbidden_carriers_cannot_reach_plan_e_index_admission (test_fkdb_infrastructure_secrets.InfrastructureSecretExclusionTests.test_retained_forbidden_carriers_cannot_reach_plan_e_index_admission) ... ok
test_retained_forbidden_local_carriers_are_rejected_by_shared_validator (test_fkdb_infrastructure_secrets.InfrastructureSecretExclusionTests.test_retained_forbidden_local_carriers_are_rejected_by_shared_validator) ... ok
test_retained_provenance_identity_cannot_hide_a_forbidden_source (test_fkdb_infrastructure_secrets.InfrastructureSecretExclusionTests.test_retained_provenance_identity_cannot_hide_a_forbidden_source) ... ok
test_sensitive_ambient_parent_does_not_exclude_valid_project_artifacts (test_fkdb_infrastructure_secrets.InfrastructureSecretExclusionTests.test_sensitive_ambient_parent_does_not_exclude_valid_project_artifacts) ... ok
test_supabase_checks_secret_sensitive_symlink_alias_and_target_before_read (test_fkdb_infrastructure_secrets.InfrastructureSecretExclusionTests.test_supabase_checks_secret_sensitive_symlink_alias_and_target_before_read) ... ok
test_supabase_nested_case_and_filename_variants_are_excluded_before_read (test_fkdb_infrastructure_secrets.InfrastructureSecretExclusionTests.test_supabase_nested_case_and_filename_variants_are_excluded_before_read) ... ok
test_supabase_original_nested_secret_failure_is_excluded_before_read (test_fkdb_infrastructure_secrets.InfrastructureSecretExclusionTests.test_supabase_original_nested_secret_failure_is_excluded_before_read) ... ok
test_collect_endpoint_requires_token_and_validates_carrier (test_fkdb_local_adapters.FkdbLocalAdapterBehaviorTests.test_collect_endpoint_requires_token_and_validates_carrier) ... ok
test_collection_root_is_resolved_through_bridge_policy (test_fkdb_local_adapters.FkdbLocalAdapterBehaviorTests.test_collection_root_is_resolved_through_bridge_policy) ... ok
test_default_production_policy_enables_no_adapters (test_fkdb_local_adapters.FkdbLocalAdapterBehaviorTests.test_default_production_policy_enables_no_adapters) ... ok
test_default_registry_knows_plan_c_adapters_but_policy_enables_none (test_fkdb_local_adapters.FkdbLocalAdapterBehaviorTests.test_default_registry_knows_plan_c_adapters_but_policy_enables_none) ... ok
test_partial_result_preserves_explicit_limits_and_remainder (test_fkdb_local_adapters.FkdbLocalAdapterBehaviorTests.test_partial_result_preserves_explicit_limits_and_remainder) ... ok
test_registry_rejects_duplicate_adapter_ids (test_fkdb_local_adapters.FkdbLocalAdapterBehaviorTests.test_registry_rejects_duplicate_adapter_ids) ... ok
test_result_carriers_are_validated_before_return (test_fkdb_local_adapters.FkdbLocalAdapterBehaviorTests.test_result_carriers_are_validated_before_return) ... ok
test_unknown_adapter_is_explicitly_unavailable (test_fkdb_local_adapters.FkdbLocalAdapterBehaviorTests.test_unknown_adapter_is_explicitly_unavailable) ... ok
test_adapter_module_exists (test_fkdb_local_adapters.FkdbLocalAdapterRedContractTests.test_adapter_module_exists) ... ok
test_bridge_token_origin_and_carrier_admission (test_fkdb_local_tool_bridge.FkdbLocalToolBridgeBehaviorTests.test_bridge_token_origin_and_carrier_admission) ... ok
test_non_loopback_bind_is_rejected (test_fkdb_local_tool_bridge.FkdbLocalToolBridgeBehaviorTests.test_non_loopback_bind_is_rejected) ... ok
test_only_literal_loopback_urls_are_admitted (test_fkdb_local_tool_bridge.FkdbLocalToolBridgeBehaviorTests.test_only_literal_loopback_urls_are_admitted) ... ok
test_path_traversal_and_symlink_escape_are_rejected (test_fkdb_local_tool_bridge.FkdbLocalToolBridgeBehaviorTests.test_path_traversal_and_symlink_escape_are_rejected) ... ok
test_process_descriptor_is_degraded_when_isolation_backends_are_unavailable (test_fkdb_local_tool_bridge.FkdbLocalToolBridgeBehaviorTests.test_process_descriptor_is_degraded_when_isolation_backends_are_unavailable) ... ok
test_process_is_deny_by_default_and_argv_is_not_shell_interpreted (test_fkdb_local_tool_bridge.FkdbLocalToolBridgeBehaviorTests.test_process_is_deny_by_default_and_argv_is_not_shell_interpreted) ... ok
test_run_endpoint_fails_closed_without_process_isolation_backend (test_fkdb_local_tool_bridge.FkdbLocalToolBridgeBehaviorTests.test_run_endpoint_fails_closed_without_process_isolation_backend) ... ok
test_bridge_module_and_default_policy_exist (test_fkdb_local_tool_bridge.FkdbLocalToolBridgeRedContractTests.test_bridge_module_and_default_policy_exist) ... ok
test_claim_ceiling_blocks_silent_promotion (test_fkdb_manifest.FkdbManifestTests.test_claim_ceiling_blocks_silent_promotion) ... ok
test_declared_relations_match_navigable_links (test_fkdb_manifest.FkdbManifestTests.test_declared_relations_match_navigable_links) ... ok
test_direct_successor_identity (test_fkdb_manifest.FkdbManifestTests.test_direct_successor_identity) ... ok
test_every_page_has_recovery_metadata (test_fkdb_manifest.FkdbManifestTests.test_every_page_has_recovery_metadata) ... ok
test_query_progression_is_explicit (test_fkdb_manifest.FkdbManifestTests.test_query_progression_is_explicit) ... ok
test_tools_page_is_local_status_surface (test_fkdb_manifest.FkdbManifestTests.test_tools_page_is_local_status_surface) ... ok
test_long_failure_title_truncates_only_display (test_fkdb_result_projection.FkdbResultProjectionTests.test_long_failure_title_truncates_only_display) ... ok
test_multiple_candidates_do_not_create_false_inspection_target (test_fkdb_result_projection.FkdbResultProjectionTests.test_multiple_candidates_do_not_create_false_inspection_target) ... ok
test_no_match_and_unresolved_are_distinct (test_fkdb_result_projection.FkdbResultProjectionTests.test_no_match_and_unresolved_are_distinct) ... ok
test_sidecar_retains_full_result_when_page_is_bounded (test_fkdb_result_projection.FkdbResultProjectionTests.test_sidecar_retains_full_result_when_page_is_bounded) ... ok
test_single_match_creates_source_and_recovery_inspection (test_fkdb_result_projection.FkdbResultProjectionTests.test_single_match_creates_source_and_recovery_inspection) ... ok
test_single_match_keeps_bounded_title (test_fkdb_result_projection.FkdbResultProjectionTests.test_single_match_keeps_bounded_title) ... ok
test_home_renders_progression_entry_and_lineage (test_fkdb_surface.FkdbLocalSurfaceTests.test_home_renders_progression_entry_and_lineage) ... ok
test_keyboard_opens_tools_surface_and_returns (test_fkdb_surface.FkdbLocalSurfaceTests.test_keyboard_opens_tools_surface_and_returns) ... ok
test_keyboard_walks_decay_recovery_progression_and_returns (test_fkdb_surface.FkdbLocalSurfaceTests.test_keyboard_walks_decay_recovery_progression_and_returns) ... ok
test_bundle_attachment_cannot_escape_root_via_symlink (test_fkdb_tool_carrier.FkdbToolCarrierBehaviorTests.test_bundle_attachment_cannot_escape_root_via_symlink) ... ok
test_bundle_limit_counts_attachment_bytes (test_fkdb_tool_carrier.FkdbToolCarrierBehaviorTests.test_bundle_limit_counts_attachment_bytes) ... ok
test_bundle_rejects_duplicate_ids_and_size_overflow (test_fkdb_tool_carrier.FkdbToolCarrierBehaviorTests.test_bundle_rejects_duplicate_ids_and_size_overflow) ... ok
test_bundle_verifies_attachment_bytes_and_hash (test_fkdb_tool_carrier.FkdbToolCarrierBehaviorTests.test_bundle_verifies_attachment_bytes_and_hash) ... ok
test_hash_mismatch_is_rejected (test_fkdb_tool_carrier.FkdbToolCarrierBehaviorTests.test_hash_mismatch_is_rejected) ... ok
test_missing_provenance_evidence_or_recovery_is_rejected (test_fkdb_tool_carrier.FkdbToolCarrierBehaviorTests.test_missing_provenance_evidence_or_recovery_is_rejected) ... ok
test_payload_size_limit_is_rejected (test_fkdb_tool_carrier.FkdbToolCarrierBehaviorTests.test_payload_size_limit_is_rejected) ... ok
test_unknown_locality_is_rejected (test_fkdb_tool_carrier.FkdbToolCarrierBehaviorTests.test_unknown_locality_is_rejected) ... ok
test_valid_carrier_round_trips_canonically (test_fkdb_tool_carrier.FkdbToolCarrierBehaviorTests.test_valid_carrier_round_trips_canonically) ... ok
test_wrong_bundle_schema_is_rejected (test_fkdb_tool_carrier.FkdbToolCarrierBehaviorTests.test_wrong_bundle_schema_is_rejected) ... ok
test_module_and_interchange_schemas_exist (test_fkdb_tool_carrier.FkdbToolCarrierRedContractTests.test_module_and_interchange_schemas_exist) ... ok
test_browser_surface_uses_progressive_module_loading (test_fkdb_wasm_hif.FkdbWasmHifContractTests.test_browser_surface_uses_progressive_module_loading) ... ok
test_browser_tools_surface_does_not_prompt_remote_login (test_fkdb_wasm_hif.FkdbWasmHifContractTests.test_browser_tools_surface_does_not_prompt_remote_login) ... ok
test_capability_contract_preserves_fkdb_invariants (test_fkdb_wasm_hif.FkdbWasmHifContractTests.test_capability_contract_preserves_fkdb_invariants) ... ok
test_component_capabilities_distinguish_native_and_browser_transpiled (test_fkdb_wasm_hif.FkdbWasmHifContractTests.test_component_capabilities_distinguish_native_and_browser_transpiled) ... ok
test_modern_first_fallback_tiers_are_ordered (test_fkdb_wasm_hif.FkdbWasmHifContractTests.test_modern_first_fallback_tiers_are_ordered) ... ok
test_no_user_agent_sniffing (test_fkdb_wasm_hif.FkdbWasmHifContractTests.test_no_user_agent_sniffing) ... ok
test_wasi02_collection_contract_uses_explicit_operation (test_fkdb_wasm_hif.FkdbWasmHifContractTests.test_wasi02_collection_contract_uses_explicit_operation) ... ok
test_wasi02_contract_is_explicit_poll_compatibility (test_fkdb_wasm_hif.FkdbWasmHifContractTests.test_wasi02_contract_is_explicit_poll_compatibility) ... ok
test_wasi02_local_tools_use_explicit_operation_resources (test_fkdb_wasm_hif.FkdbWasmHifContractTests.test_wasi02_local_tools_use_explicit_operation_resources) ... ok
test_wasi03_collection_contract_is_generic_native_async (test_fkdb_wasm_hif.FkdbWasmHifContractTests.test_wasi03_collection_contract_is_generic_native_async) ... ok
test_wasi03_contract_is_native_async (test_fkdb_wasm_hif.FkdbWasmHifContractTests.test_wasi03_contract_is_native_async) ... ok
test_wasi03_local_tools_are_native_async (test_fkdb_wasm_hif.FkdbWasmHifContractTests.test_wasi03_local_tools_are_native_async) ... ok
test_wit_collection_contract_has_no_vendor_names (test_fkdb_wasm_hif.FkdbWasmHifContractTests.test_wit_collection_contract_has_no_vendor_names) ... ok
test_build_routes_repair_and_select_without_claiming_authority (test_gsfl_bidirectional_cycle.BidirectionalMacroCycleTests.test_build_routes_repair_and_select_without_claiming_authority) ... ok
test_canonical_decision_field_loop_remains_unchanged (test_gsfl_bidirectional_cycle.BidirectionalMacroCycleTests.test_canonical_decision_field_loop_remains_unchanged) ... ok
test_full_cycle_is_deterministic_and_keeps_outward_inward_phases (test_gsfl_bidirectional_cycle.BidirectionalMacroCycleTests.test_full_cycle_is_deterministic_and_keeps_outward_inward_phases) ... ok
test_macro_cycle_order_is_exact (test_gsfl_bidirectional_cycle.BidirectionalMacroCycleTests.test_macro_cycle_order_is_exact) ... ok
test_macro_expansions_are_exact (test_gsfl_bidirectional_cycle.BidirectionalMacroCycleTests.test_macro_expansions_are_exact) ... ok
test_macros_are_not_primitive_operators (test_gsfl_bidirectional_cycle.BidirectionalMacroCycleTests.test_macros_are_not_primitive_operators) ... ok
test_profile_validates_against_operator_projection (test_gsfl_bidirectional_cycle.BidirectionalMacroCycleTests.test_profile_validates_against_operator_projection) ... ok
test_question_surfaces_confound_and_canonical_distinguish_handoff (test_gsfl_bidirectional_cycle.BidirectionalMacroCycleTests.test_question_surfaces_confound_and_canonical_distinguish_handoff) ... ok
test_reframe_changes_surface_but_preserves_declared_meaning (test_gsfl_bidirectional_cycle.BidirectionalMacroCycleTests.test_reframe_changes_surface_but_preserves_declared_meaning) ... ok
test_return_inward_reconstructs_teaches_back_and_fits_admitted_only (test_gsfl_bidirectional_cycle.BidirectionalMacroCycleTests.test_return_inward_reconstructs_teaches_back_and_fits_admitted_only) ... ok
test_seek_is_outward_and_does_not_mutate_input (test_gsfl_bidirectional_cycle.BidirectionalMacroCycleTests.test_seek_is_outward_and_does_not_mutate_input) ... ok
test_canonical_overlaps_delegate_instead_of_conflicting (test_gsfl_operator_projection.GSFLProjectionTests.test_canonical_overlaps_delegate_instead_of_conflicting) ... ok
test_confound_audit_flags_truth_and_learning_shortcuts (test_gsfl_operator_projection.GSFLProjectionTests.test_confound_audit_flags_truth_and_learning_shortcuts) ... ok
test_cooperation_and_tool_trace_remain_attributed (test_gsfl_operator_projection.GSFLProjectionTests.test_cooperation_and_tool_trace_remain_attributed) ... ok
test_fit_cannot_select_unadmitted_candidate_even_with_higher_score (test_gsfl_operator_projection.GSFLProjectionTests.test_fit_cannot_select_unadmitted_candidate_even_with_higher_score) ... ok
test_native_operator_does_not_mutate_input_envelope (test_gsfl_operator_projection.GSFLProjectionTests.test_native_operator_does_not_mutate_input_envelope) ... ok
test_profile_registers_all_operations_as_unique_operators (test_gsfl_operator_projection.GSFLProjectionTests.test_profile_registers_all_operations_as_unique_operators) ... ok
test_projection_points_to_complete_bounded_source_without_mutating_it (test_gsfl_operator_projection.GSFLProjectionTests.test_projection_points_to_complete_bounded_source_without_mutating_it) ... ok
test_proverb_operator_preserves_synthetic_provenance (test_gsfl_operator_projection.GSFLProjectionTests.test_proverb_operator_preserves_synthetic_provenance) ... ok
test_rotation_preserves_source_meaning (test_gsfl_operator_projection.GSFLProjectionTests.test_rotation_preserves_source_meaning) ... ok
test_shared_skill_and_agent_exist (test_gsfl_operator_projection.GSFLProjectionTests.test_shared_skill_and_agent_exist) ... ok
test_validate_profile_passes (test_gsfl_operator_projection.GSFLProjectionTests.test_validate_profile_passes) ... ok
test_readers_accept_an_alternate_pinned_checkout (test_hodge_relocation.HodgeRelocationTests.test_readers_accept_an_alternate_pinned_checkout) ... ok
test_http_200_response_is_admitted_as_new_document_then_renders (test_independent_browser_http.IndependentBrowserHttpTests.test_http_200_response_is_admitted_as_new_document_then_renders) ... ok
test_http_profile_owns_declared_apply_targets (test_independent_browser_http.IndependentBrowserHttpTests.test_http_profile_owns_declared_apply_targets) ... ok
test_http_request_is_built_by_rmapl_exactly (test_independent_browser_http.IndependentBrowserHttpTests.test_http_request_is_built_by_rmapl_exactly) ... ok
test_https_request_is_planned_for_native_tls_carrier (test_independent_browser_http.IndependentBrowserHttpTests.test_https_request_is_planned_for_native_tls_carrier) ... ok
test_non_200_and_missing_header_delimiter_fail_closed (test_independent_browser_http.IndependentBrowserHttpTests.test_non_200_and_missing_header_delimiter_fail_closed) ... ok
test_bad_http_response_does_not_replace_last_visual_state (test_independent_browser_http_session.LiveHttpSessionTests.test_bad_http_response_does_not_replace_last_visual_state) ... ok
test_cross_program_and_native_seams_use_outer_controller_bound (test_independent_browser_http_session.LiveHttpSessionTests.test_cross_program_and_native_seams_use_outer_controller_bound) ... ok
test_decrypted_bytes_still_require_response_admission (test_independent_browser_http_session.LiveHttpSessionTests.test_decrypted_bytes_still_require_response_admission) ... ok
test_https_uses_only_tls_carrier_then_admits_and_rerenders (test_independent_browser_http_session.LiveHttpSessionTests.test_https_uses_only_tls_carrier_then_admits_and_rerenders) ... ok
test_https_without_tls_carrier_stops_before_encrypted_transport (test_independent_browser_http_session.LiveHttpSessionTests.test_https_without_tls_carrier_stops_before_encrypted_transport) ... ok
test_initial_render_completes_inside_one_host_routing_turn (test_independent_browser_http_session.LiveHttpSessionTests.test_initial_render_completes_inside_one_host_routing_turn) ... ok
test_network_link_fetches_admits_and_rerenders_through_rmapl (test_independent_browser_http_session.LiveHttpSessionTests.test_network_link_fetches_admits_and_rerenders_through_rmapl) ... ok
test_network_link_without_carrier_stops_before_transport (test_independent_browser_http_session.LiveHttpSessionTests.test_network_link_without_carrier_stops_before_transport) ... ok
test_tls_failure_preserves_view_and_never_substitutes_http (test_independent_browser_http_session.LiveHttpSessionTests.test_tls_failure_preserves_view_and_never_substitutes_http) ... ok
test_enter_activates_focused_link_and_rerenders (test_independent_browser_keyboard.IndependentBrowserKeyboardTests.test_enter_activates_focused_link_and_rerenders) ... ok
test_enter_without_focus_does_not_navigate (test_independent_browser_keyboard.IndependentBrowserKeyboardTests.test_enter_without_focus_does_not_navigate) ... ok
test_keyboard_apply_target_is_rmapl_native (test_independent_browser_keyboard.IndependentBrowserKeyboardTests.test_keyboard_apply_target_is_rmapl_native) ... ok
test_tab_focuses_first_link_without_rerender (test_independent_browser_keyboard.IndependentBrowserKeyboardTests.test_tab_focuses_first_link_without_rerender) ... ok
test_all_browser_apply_targets_are_rmapl_native (test_independent_browser_native.IndependentBrowserNativeTests.test_all_browser_apply_targets_are_rmapl_native) ... ok
test_bounded_html_reaches_verified_admitted_owned_framebuffer (test_independent_browser_native.IndependentBrowserNativeTests.test_bounded_html_reaches_verified_admitted_owned_framebuffer) ... ok
test_unterminated_tag_is_preserved_as_explicit_residual (test_independent_browser_native.IndependentBrowserNativeTests.test_unterminated_tag_is_preserved_as_explicit_residual) ... ok
test_anchor_builds_hit_map_without_navigation (test_independent_browser_navigation.IndependentBrowserNavigationTests.test_anchor_builds_hit_map_without_navigation) ... ok
test_click_outside_link_does_not_navigate (test_independent_browser_navigation.IndependentBrowserNavigationTests.test_click_outside_link_does_not_navigate) ... ok
test_navigation_profile_owns_every_apply_target (test_independent_browser_navigation.IndependentBrowserNavigationTests.test_navigation_profile_owns_every_apply_target) ... ok
test_pointer_hit_navigates_and_rerenders_second_page (test_independent_browser_navigation.IndependentBrowserNavigationTests.test_pointer_hit_navigates_and_rerenders_second_page) ... ok
test_absolute_local_click_resolves_then_navigates_and_rerenders (test_independent_browser_url.IndependentBrowserUrlTests.test_absolute_local_click_resolves_then_navigates_and_rerenders) ... ok
test_https_url_is_parsed_but_not_promoted_to_fetch (test_independent_browser_url.IndependentBrowserUrlTests.test_https_url_is_parsed_but_not_promoted_to_fetch) ... ok
test_initial_absolute_local_link_builds_url_bearing_hit_map (test_independent_browser_url.IndependentBrowserUrlTests.test_initial_absolute_local_link_builds_url_bearing_hit_map) ... ok
test_network_url_without_path_canonicalizes_slash (test_independent_browser_url.IndependentBrowserUrlTests.test_network_url_without_path_canonicalizes_slash) ... ok
test_query_and_fragment_fail_closed_in_bounded_profile (test_independent_browser_url.IndependentBrowserUrlTests.test_query_and_fragment_fail_closed_in_bounded_profile) ... ok
test_relative_local_href_gets_canonical_identity (test_independent_browser_url.IndependentBrowserUrlTests.test_relative_local_href_gets_canonical_identity) ... ok
test_url_resolver_is_rmapl_native (test_independent_browser_url.IndependentBrowserUrlTests.test_url_resolver_is_rmapl_native) ... ok
test_identity_covers_claim_ceiling_resource_bounds_and_remainder (test_omega.OmegaTests.test_identity_covers_claim_ceiling_resource_bounds_and_remainder) ... ok
test_inspection_record_exposes_skipped_gate (test_omega.OmegaTests.test_inspection_record_exposes_skipped_gate) ... ok
test_mutating_caller_after_construction_does_not_mutate_omega (test_omega.OmegaTests.test_mutating_caller_after_construction_does_not_mutate_omega) ... ok
test_non_json_and_non_finite_values_fail_closed (test_omega.OmegaTests.test_non_json_and_non_finite_values_fail_closed) ... ok
test_published_schema_construction_is_satisfiable_by_declared_fields (test_omega.OmegaTests.test_published_schema_construction_is_satisfiable_by_declared_fields) ... ok
test_round_trip_report_separates_preserved_lost_introduced_changed_and_unresolved (test_omega.OmegaTests.test_round_trip_report_separates_preserved_lost_introduced_changed_and_unresolved) ... ok
test_strict_record_is_deterministic_and_closed (test_omega.OmegaTests.test_strict_record_is_deterministic_and_closed) ... ok
test_unknown_authority_field_fails_closed (test_omega.OmegaTests.test_unknown_authority_field_fails_closed) ... ok
test_decision_field_round_trip_preserves_native_semantics_and_remainder (test_omega_adapters.OmegaAdapterTests.test_decision_field_round_trip_preserves_native_semantics_and_remainder) ... ok
test_decision_field_round_trip_report_is_exact (test_omega_adapters.OmegaAdapterTests.test_decision_field_round_trip_report_is_exact) ... ok
test_native_only_data_stays_in_domain_remainder (test_omega_adapters.OmegaAdapterTests.test_native_only_data_stays_in_domain_remainder) ... ok
test_s1_adapter_rejects_wrong_schema_or_operator_version (test_omega_adapters.OmegaAdapterTests.test_s1_adapter_rejects_wrong_schema_or_operator_version) ... ok
test_s1_equal_compressed_counts_do_not_equal_history (test_omega_adapters.OmegaAdapterTests.test_s1_equal_compressed_counts_do_not_equal_history) ... ok
test_s1_projection_does_not_manufacture_software_verification (test_omega_adapters.OmegaAdapterTests.test_s1_projection_does_not_manufacture_software_verification) ... ok
test_s1_round_trip_keeps_ordered_actions_and_native_only_fields (test_omega_adapters.OmegaAdapterTests.test_s1_round_trip_keeps_ordered_actions_and_native_only_fields) ... ok
test_dimensional_projection_requires_explicit_loss_declaration (test_omega_domain_adapters.OmegaDomainAdapterTests.test_dimensional_projection_requires_explicit_loss_declaration) ... ok
test_gsfl_frozen_audit_preserves_fit_truth_boundary (test_omega_domain_adapters.OmegaDomainAdapterTests.test_gsfl_frozen_audit_preserves_fit_truth_boundary) ... ok
test_hodge_frozen_bridge_preserves_candidate_authority_and_full_chronology (test_omega_domain_adapters.OmegaDomainAdapterTests.test_hodge_frozen_bridge_preserves_candidate_authority_and_full_chronology) ... ok
test_hodge_stronger_unknown_authority_fails_closed (test_omega_domain_adapters.OmegaDomainAdapterTests.test_hodge_stronger_unknown_authority_fails_closed) ... ok
test_image_surface_keeps_intrinsic_and_projection_observations_separate (test_omega_domain_adapters.OmegaDomainAdapterTests.test_image_surface_keeps_intrinsic_and_projection_observations_separate) ... ok
test_read_only_domain_adapters_do_not_create_software_verification (test_omega_domain_adapters.OmegaDomainAdapterTests.test_read_only_domain_adapters_do_not_create_software_verification) ... ok
test_suggestion_remains_suggestion_only (test_omega_domain_adapters.OmegaDomainAdapterTests.test_suggestion_remains_suggestion_only) ... ok
test_consequence_vector_is_exactly_all_directional (test_omega_relations.OmegaRelationalFieldTests.test_consequence_vector_is_exactly_all_directional) ... ok
test_currentness_way_back_and_authority_boundaries_are_explicit (test_omega_relations.OmegaRelationalFieldTests.test_currentness_way_back_and_authority_boundaries_are_explicit) ... ok
test_inputs_are_not_mutated (test_omega_relations.OmegaRelationalFieldTests.test_inputs_are_not_mutated) ... ok
test_relation_evidence_is_reference_only_not_authority_promotion (test_omega_relations.OmegaRelationalFieldTests.test_relation_evidence_is_reference_only_not_authority_promotion) ... ok
test_relation_preserves_endpoints_without_forcing_shared_ontology (test_omega_relations.OmegaRelationalFieldTests.test_relation_preserves_endpoints_without_forcing_shared_ontology) ... ok
test_relational_field_is_deterministic_content_addressed_and_validates (test_omega_relations.OmegaRelationalFieldTests.test_relational_field_is_deterministic_content_addressed_and_validates) ... ok
test_tamper_and_invalid_relation_contract_fail_closed (test_omega_relations.OmegaRelationalFieldTests.test_tamper_and_invalid_relation_contract_fail_closed) ... ok
test_decision_field_projects_binds_relation_sidecar_and_reconstructs_exactly (test_omega_relations_decision_field.DecisionFieldRelationalWitnessTests.test_decision_field_projects_binds_relation_sidecar_and_reconstructs_exactly) ... ok
test_relation_sidecar_does_not_promote_native_evidence_or_rewrite_native_relations (test_omega_relations_decision_field.DecisionFieldRelationalWitnessTests.test_relation_sidecar_does_not_promote_native_evidence_or_rewrite_native_relations) ... ok
test_authority_and_independence_boundaries_are_explicit (test_operator_skills.OperatorSkillRegistryTests.test_authority_and_independence_boundaries_are_explicit) ... ok
test_bidirectional_macros_are_registered_as_composition_only (test_operator_skills.OperatorSkillRegistryTests.test_bidirectional_macros_are_registered_as_composition_only) ... ok
test_canonical_operator_order (test_operator_skills.OperatorSkillRegistryTests.test_canonical_operator_order) ... ok
test_contextual_multicarrier_is_successor_reasoning_profile_only (test_operator_skills.OperatorSkillRegistryTests.test_contextual_multicarrier_is_successor_reasoning_profile_only) ... ok
test_coordination_contract_exists (test_operator_skills.OperatorSkillRegistryTests.test_coordination_contract_exists) ... ok
test_cross_project_transfer_is_not_automatic (test_operator_skills.OperatorSkillRegistryTests.test_cross_project_transfer_is_not_automatic) ... ok
test_each_operator_has_skill_agent_and_output_contract (test_operator_skills.OperatorSkillRegistryTests.test_each_operator_has_skill_agent_and_output_contract) ... ok
test_gsfl_profile_is_successor_projection_without_canonical_reordering (test_operator_skills.OperatorSkillRegistryTests.test_gsfl_profile_is_successor_projection_without_canonical_reordering) ... ok
test_comments_and_blank_lines_do_not_change_program (test_rmapl.RmaplParserTests.test_comments_and_blank_lines_do_not_change_program) ... ok
test_duplicate_identifier_or_bound_is_rejected (test_rmapl.RmaplParserTests.test_duplicate_identifier_or_bound_is_rejected) ... ok
test_missing_required_field_is_rejected (test_rmapl.RmaplParserTests.test_missing_required_field_is_rejected) ... ok
test_negative_cost_is_rejected (test_rmapl.RmaplParserTests.test_negative_cost_is_rejected) ... ok
test_nonfinite_bound_is_rejected (test_rmapl.RmaplParserTests.test_nonfinite_bound_is_rejected) ... ok
test_parse_minimal_program (test_rmapl.RmaplParserTests.test_parse_minimal_program) ... ok
test_reordered_repair_fields_fail_closed (test_rmapl.RmaplParserTests.test_reordered_repair_fields_fail_closed) ... ok
test_trailing_content_after_run_is_rejected (test_rmapl.RmaplParserTests.test_trailing_content_after_run_is_rejected) ... ok
test_unknown_top_level_operation_fails_closed (test_rmapl.RmaplParserTests.test_unknown_top_level_operation_fails_closed) ... ok
test_freezing_does_not_add_a_recursion_limit_below_the_json_decoder (test_rmapl_contract_gaps.DeepImmutableBoundContractTests.test_freezing_does_not_add_a_recursion_limit_below_the_json_decoder) ... ok
test_conflicting_objectives_cannot_silently_choose_last_value (test_rmapl_contract_gaps.DuplicateKeyContractTests.test_conflicting_objectives_cannot_silently_choose_last_value) ... ok
test_duplicate_bound_keys_rejected_in_nested_objects (test_rmapl_contract_gaps.DuplicateKeyContractTests.test_duplicate_bound_keys_rejected_in_nested_objects) ... ok
test_escaped_duplicate_key_is_the_same_decoded_key (test_rmapl_contract_gaps.DuplicateKeyContractTests.test_escaped_duplicate_key_is_the_same_decoded_key) ... ok
test_invalid_objective_value_has_contextual_error (test_rmapl_contract_gaps.DuplicateKeyContractTests.test_invalid_objective_value_has_contextual_error) ... ok
test_separate_objects_can_use_the_same_key (test_rmapl_contract_gaps.DuplicateKeyContractTests.test_separate_objects_can_use_the_same_key) ... ok
test_valid_objective_names_and_directions_survive (test_rmapl_contract_gaps.DuplicateKeyContractTests.test_valid_objective_names_and_directions_survive) ... ok
test_cost_integer_overflow_is_a_contextual_validation_error (test_rmapl_contract_gaps.FiniteJSONContractTests.test_cost_integer_overflow_is_a_contextual_validation_error) ... ok
test_exponent_overflow_is_rejected_at_any_json_depth (test_rmapl_contract_gaps.FiniteJSONContractTests.test_exponent_overflow_is_rejected_at_any_json_depth) ... ok
test_finite_extremes_and_json_scalar_types_are_preserved (test_rmapl_contract_gaps.FiniteJSONContractTests.test_finite_extremes_and_json_scalar_types_are_preserved) ... ok
test_nonstandard_constants_still_fail_closed (test_rmapl_contract_gaps.FiniteJSONContractTests.test_nonstandard_constants_still_fail_closed) ... ok
test_nested_array_cannot_be_modified_after_parsing (test_rmapl_contract_gaps.ImmutableBoundContractTests.test_nested_array_cannot_be_modified_after_parsing) ... ok
test_nested_empty_containers_and_order_are_preserved (test_rmapl_contract_gaps.ImmutableBoundContractTests.test_nested_empty_containers_and_order_are_preserved) ... ok
test_nested_mapping_cannot_be_modified_after_parsing (test_rmapl_contract_gaps.ImmutableBoundContractTests.test_nested_mapping_cannot_be_modified_after_parsing) ... ok
test_object_inside_array_cannot_be_modified (test_rmapl_contract_gaps.ImmutableBoundContractTests.test_object_inside_array_cannot_be_modified) ... ok
test_escaped_ascii_control_characters_are_preserved (test_rmapl_contract_gaps.UnicodeCarrierContractTests.test_escaped_ascii_control_characters_are_preserved) ... ok
test_lf_crlf_and_cr_instruction_lines_remain_equivalent (test_rmapl_contract_gaps.UnicodeCarrierContractTests.test_lf_crlf_and_cr_instruction_lines_remain_equivalent) ... ok
test_literal_and_escaped_unicode_in_when_are_equivalent (test_rmapl_contract_gaps.UnicodeCarrierContractTests.test_literal_and_escaped_unicode_in_when_are_equivalent) ... ok
test_unicode_bound_text_is_not_an_instruction_separator (test_rmapl_contract_gaps.UnicodeCarrierContractTests.test_unicode_bound_text_is_not_an_instruction_separator) ... ok
test_explicit_preserves_failure_keeps_existing_diagnostic_precedence (test_rmapl_fitter_authority_floor.FitterAuthorityFloorTests.test_explicit_preserves_failure_keeps_existing_diagnostic_precedence) ... ok
test_fitter_can_refit_ordinary_state_when_declared_preserve_survives (test_rmapl_fitter_authority_floor.FitterAuthorityFloorTests.test_fitter_can_refit_ordinary_state_when_declared_preserve_survives) ... ok
test_fitter_cannot_change_claim_ceiling (test_rmapl_fitter_authority_floor.FitterAuthorityFloorTests.test_fitter_cannot_change_claim_ceiling) ... ok
test_fitter_cannot_change_evidence (test_rmapl_fitter_authority_floor.FitterAuthorityFloorTests.test_fitter_cannot_change_evidence) ... ok
test_fitter_cannot_change_native_identity (test_rmapl_fitter_authority_floor.FitterAuthorityFloorTests.test_fitter_cannot_change_native_identity) ... ok
test_fitter_cannot_change_provenance (test_rmapl_fitter_authority_floor.FitterAuthorityFloorTests.test_fitter_cannot_change_provenance) ... ok
test_fitter_cannot_change_source_refs (test_rmapl_fitter_authority_floor.FitterAuthorityFloorTests.test_fitter_cannot_change_source_refs) ... ok
test_absent_protected_paths_are_unchanged_only_when_absent_on_both_sides (test_rmapl_mutation_scope.MutationScopeTests.test_absent_protected_paths_are_unchanged_only_when_absent_on_both_sides) ... ok
test_array_changes_require_permission_for_the_array (test_rmapl_mutation_scope.MutationScopeTests.test_array_changes_require_permission_for_the_array) ... ok
test_declared_leaf_does_not_authorize_sibling_or_parent_replacement (test_rmapl_mutation_scope.MutationScopeTests.test_declared_leaf_does_not_authorize_sibling_or_parent_replacement) ... ok
test_declared_parent_allows_descendant_changes (test_rmapl_mutation_scope.MutationScopeTests.test_declared_parent_allows_descendant_changes) ... ok
test_declared_residual_and_state_repair_can_succeed (test_rmapl_mutation_scope.MutationScopeTests.test_declared_residual_and_state_repair_can_succeed) ... ok
test_declared_scalar_change_allows_recomputed_envelope_fields (test_rmapl_mutation_scope.MutationScopeTests.test_declared_scalar_change_allows_recomputed_envelope_fields) ... ok
test_derived_field_names_do_not_grant_semantic_permission (test_rmapl_mutation_scope.MutationScopeTests.test_derived_field_names_do_not_grant_semantic_permission) ... ok
test_empty_allowlist_does_not_authorize_edits (test_rmapl_mutation_scope.MutationScopeTests.test_empty_allowlist_does_not_authorize_edits) ... ok
test_existing_protection_rejection_diagnostics_keep_their_contract (test_rmapl_mutation_scope.MutationScopeTests.test_existing_protection_rejection_diagnostics_keep_their_contract) ... ok
test_fitter_without_a_mutation_allowlist_retains_its_contract (test_rmapl_mutation_scope.MutationScopeTests.test_fitter_without_a_mutation_allowlist_retains_its_contract) ... ok
test_literal_dot_key_does_not_impersonate_nested_permission (test_rmapl_mutation_scope.MutationScopeTests.test_literal_dot_key_does_not_impersonate_nested_permission) ... ok
test_multiple_violations_are_retained_and_replay_is_deterministic (test_rmapl_mutation_scope.MutationScopeTests.test_multiple_violations_are_retained_and_replay_is_deterministic) ... ok
test_permission_uses_path_segments_not_string_prefix (test_rmapl_mutation_scope.MutationScopeTests.test_permission_uses_path_segments_not_string_prefix) ... ok
test_preserves_and_forbids_still_override_mutation_permission (test_rmapl_mutation_scope.MutationScopeTests.test_preserves_and_forbids_still_override_mutation_permission) ... ok
test_scalar_type_change_is_not_hidden_by_python_equality (test_rmapl_mutation_scope.MutationScopeTests.test_scalar_type_change_is_not_hidden_by_python_equality) ... ok
test_semantic_aliases_authorize_their_declared_fields (test_rmapl_mutation_scope.MutationScopeTests.test_semantic_aliases_authorize_their_declared_fields) ... ok
test_unchanged_candidate_with_empty_allowlist_keeps_existing_admission (test_rmapl_mutation_scope.MutationScopeTests.test_unchanged_candidate_with_empty_allowlist_keeps_existing_admission) ... ok
test_unchanged_key_reordering_is_not_a_mutation (test_rmapl_mutation_scope.MutationScopeTests.test_unchanged_key_reordering_is_not_a_mutation) ... ok
test_undeclared_addition_is_not_admitted (test_rmapl_mutation_scope.MutationScopeTests.test_undeclared_addition_is_not_admitted) ... ok
test_undeclared_deletion_is_not_admitted (test_rmapl_mutation_scope.MutationScopeTests.test_undeclared_deletion_is_not_admitted) ... ok
test_undeclared_residual_removal_cannot_claim_success (test_rmapl_mutation_scope.MutationScopeTests.test_undeclared_residual_removal_cannot_claim_success) ... ok
test_undeclared_scalar_edit_is_not_admitted (test_rmapl_mutation_scope.MutationScopeTests.test_undeclared_scalar_edit_is_not_admitted) ... ok
test_duplicate_operator_fails_closed (test_rmapl_native.NativeParserTests.test_duplicate_operator_fails_closed) ... ok
test_existing_rmapl_programs_remain_operator_free (test_rmapl_native.NativeParserTests.test_existing_rmapl_programs_remain_operator_free) ... ok
test_native_operator_is_parsed_without_stealing_repair_identity (test_rmapl_native.NativeParserTests.test_native_operator_is_parsed_without_stealing_repair_identity) ... ok
test_static_code_cannot_exceed_runtime_limit (test_rmapl_native.NativeParserTests.test_static_code_cannot_exceed_runtime_limit) ... ok
test_arithmetic_and_bounded_control_flow_are_native (test_rmapl_native.NativeRuntimeTests.test_arithmetic_and_bounded_control_flow_are_native) ... ok
test_input_omega_is_read_only (test_rmapl_native.NativeRuntimeTests.test_input_omega_is_read_only) ... ok
test_loop_stops_at_declared_instruction_limit (test_rmapl_native.NativeRuntimeTests.test_loop_stops_at_declared_instruction_limit) ... ok
test_native_operator_passes_through_existing_verifier (test_rmapl_native.NativeRuntimeTests.test_native_operator_passes_through_existing_verifier) ... ok
test_utf8_buffer_obeys_declared_buffer_limit (test_rmapl_native.NativeRuntimeTests.test_utf8_buffer_obeys_declared_buffer_limit) ... ok
test_audit_is_deterministic_and_bounded (test_rmapl_omega_audit.RmaplOmegaAuditTests.test_audit_is_deterministic_and_bounded) ... ok
test_cli_check_and_repeat_output (test_rmapl_omega_audit.RmaplOmegaAuditTests.test_cli_check_and_repeat_output) ... ok
test_frozen_evidence_matches_current_audit_byte_for_byte (test_rmapl_omega_audit.RmaplOmegaAuditTests.test_frozen_evidence_matches_current_audit_byte_for_byte) ... ok
test_cli_repeat_output_is_byte_identical_and_check_passes (test_rmapl_omega_stress.RmaplOmegaStressTests.test_cli_repeat_output_is_byte_identical_and_check_passes) ... ok
test_frozen_stress_evidence_matches_current_report_byte_for_byte (test_rmapl_omega_stress.RmaplOmegaStressTests.test_frozen_stress_evidence_matches_current_report_byte_for_byte) ... ok
test_stress_evidence_keeps_rmal_response_successor_bounded (test_rmapl_omega_stress.RmaplOmegaStressTests.test_stress_evidence_keeps_rmal_response_successor_bounded) ... ok
test_stress_report_is_deterministic_and_exercises_declared_case_counts (test_rmapl_omega_stress.RmaplOmegaStressTests.test_stress_report_is_deterministic_and_exercises_declared_case_counts) ... ok
test_stress_scale_multiplies_case_counts_without_changing_boundaries (test_rmapl_omega_stress.RmaplOmegaStressTests.test_stress_scale_multiplies_case_counts_without_changing_boundaries) ... ok
test_claim_local_evidence_does_not_amplify (test_rmapl_runtime.RuntimeTests.test_claim_local_evidence_does_not_amplify) ... ok
test_cycle_and_resource_fact_are_both_recorded_with_cycle_precedence (test_rmapl_runtime.RuntimeTests.test_cycle_and_resource_fact_are_both_recorded_with_cycle_precedence) ... ok
test_equivalent_candidates_are_quotiented_with_provenance_union (test_rmapl_runtime.RuntimeTests.test_equivalent_candidates_are_quotiented_with_provenance_union) ... ok
test_kd_dimensions_are_separate (test_rmapl_runtime.RuntimeTests.test_kd_dimensions_are_separate) ... ok
test_max_candidates_bound_is_recorded_and_deterministic (test_rmapl_runtime.RuntimeTests.test_max_candidates_bound_is_recorded_and_deterministic) ... ok
test_missing_required_evidence_stops_at_evidence_bound (test_rmapl_runtime.RuntimeTests.test_missing_required_evidence_stops_at_evidence_bound) ... ok
test_mutating_operator_input_is_rejected (test_rmapl_runtime.RuntimeTests.test_mutating_operator_input_is_rejected) ... ok
test_mutation_and_valid_repair_with_same_consequence_are_not_quotiented_together (test_rmapl_runtime.RuntimeTests.test_mutation_and_valid_repair_with_same_consequence_are_not_quotiented_together) ... ok
test_outer_controller_bound_preserves_last_admitted_branch (test_rmapl_runtime.RuntimeTests.test_outer_controller_bound_preserves_last_admitted_branch) ... ok
test_outer_controller_stop_kinds_fail_closed (test_rmapl_runtime.RuntimeTests.test_outer_controller_stop_kinds_fail_closed) ... ok
test_pareto_incomparable_candidates_remain_separate (test_rmapl_runtime.RuntimeTests.test_pareto_incomparable_candidates_remain_separate) ... ok
test_rejected_mutation_cannot_pareto_dominate_admitted_repair (test_rmapl_runtime.RuntimeTests.test_rejected_mutation_cannot_pareto_dominate_admitted_repair) ... ok
test_repair_breaking_protected_invariant_is_rejected_even_if_residual_falls (test_rmapl_runtime.RuntimeTests.test_repair_breaking_protected_invariant_is_rejected_even_if_residual_falls) ... ok
test_unrequested_handoff_keeps_legacy_no_progress_behavior (test_rmapl_runtime.RuntimeTests.test_unrequested_handoff_keeps_legacy_no_progress_behavior) ... ok
test_absent_limits_keep_existing_defaults (test_rmapl_runtime_bounds.RuntimeBoundContractTests.test_absent_limits_keep_existing_defaults) ... ok
test_each_limit_uses_its_own_stricter_source (test_rmapl_runtime_bounds.RuntimeBoundContractTests.test_each_limit_uses_its_own_stricter_source) ... ok
test_evidence_gate_still_blocks_unauthorized_candidate (test_rmapl_runtime_bounds.RuntimeBoundContractTests.test_evidence_gate_still_blocks_unauthorized_candidate) ... ok
test_input_candidate_limit_cannot_be_widened_by_program (test_rmapl_runtime_bounds.RuntimeBoundContractTests.test_input_candidate_limit_cannot_be_widened_by_program) ... ok
test_input_step_limit_cannot_be_widened_by_program (test_rmapl_runtime_bounds.RuntimeBoundContractTests.test_input_step_limit_cannot_be_widened_by_program) ... ok
test_inputs_and_unrelated_metadata_are_preserved (test_rmapl_runtime_bounds.RuntimeBoundContractTests.test_inputs_and_unrelated_metadata_are_preserved) ... ok
test_invalid_input_limit_is_not_hidden_by_valid_program_limit (test_rmapl_runtime_bounds.RuntimeBoundContractTests.test_invalid_input_limit_is_not_hidden_by_valid_program_limit) ... ok
test_invalid_program_limit_is_not_hidden_by_valid_input_limit (test_rmapl_runtime_bounds.RuntimeBoundContractTests.test_invalid_program_limit_is_not_hidden_by_valid_input_limit) ... ok
test_non_mapping_input_bounds_fail_before_operator_execution (test_rmapl_runtime_bounds.RuntimeBoundContractTests.test_non_mapping_input_bounds_fail_before_operator_execution) ... ok
test_one_sided_declarations_are_not_capped_by_defaults (test_rmapl_runtime_bounds.RuntimeBoundContractTests.test_one_sided_declarations_are_not_capped_by_defaults) ... ok
test_program_can_tighten_both_input_limits (test_rmapl_runtime_bounds.RuntimeBoundContractTests.test_program_can_tighten_both_input_limits) ... ok
test_replay_is_deterministic_with_intersected_limits (test_rmapl_runtime_bounds.RuntimeBoundContractTests.test_replay_is_deterministic_with_intersected_limits) ... ok
test_only_effective_candidate_cap_changes_in_frozen_runtime_observations (test_runtime_bounds_evidence_transition.RuntimeBoundEvidenceTransitionTests.test_only_effective_candidate_cap_changes_in_frozen_runtime_observations) ... ok
test_all_four_new_surfaces_round_trip_same_object (test_s1_carrier_surface.S1CarrierSurfaceTests.test_all_four_new_surfaces_round_trip_same_object) ... ok
test_candidate_surface_never_promotes_candidate_to_admitted (test_s1_carrier_surface.S1CarrierSurfaceTests.test_candidate_surface_never_promotes_candidate_to_admitted) ... ok
test_multi_timescale_surface_preserves_strict_schedule_order (test_s1_carrier_surface.S1CarrierSurfaceTests.test_multi_timescale_surface_preserves_strict_schedule_order) ... ok
test_omega_is_a_second_transport_not_new_authority (test_s1_carrier_surface.S1CarrierSurfaceTests.test_omega_is_a_second_transport_not_new_authority) ... ok
test_one_degree_repair_closes_only_the_witnessed_schedule_residual (test_s1_carrier_surface.S1CarrierSurfaceTests.test_one_degree_repair_closes_only_the_witnessed_schedule_residual) ... ok
test_projection_does_not_mutate_input (test_s1_carrier_surface.S1CarrierSurfaceTests.test_projection_does_not_mutate_input) ... ok
test_repair_cannot_mutate_protected_identity_or_claim_ceiling (test_s1_carrier_surface.S1CarrierSurfaceTests.test_repair_cannot_mutate_protected_identity_or_claim_ceiling) ... ok
test_schedule_order_is_a_typed_residual_not_silent_normalization (test_s1_carrier_surface.S1CarrierSurfaceTests.test_schedule_order_is_a_typed_residual_not_silent_normalization) ... ok
test_semantic_work_unit_surface_carries_full_reconstruction_roles (test_s1_carrier_surface.S1CarrierSurfaceTests.test_semantic_work_unit_surface_carries_full_reconstruction_roles) ... ok
test_stripped_reconstruction_sidecar_is_not_called_rotation (test_s1_carrier_surface.S1CarrierSurfaceTests.test_stripped_reconstruction_sidecar_is_not_called_rotation) ... ok
test_survivor_surface_retains_counterexample_and_next_cut (test_s1_carrier_surface.S1CarrierSurfaceTests.test_survivor_surface_retains_counterexample_and_next_cut) ... ok
test_tampering_protected_identity_is_semantic_decay (test_s1_carrier_surface.S1CarrierSurfaceTests.test_tampering_protected_identity_is_semantic_decay) ... ok
test_dependency_discovery_rejects_unreviewed_artifact_expressions (test_stress_currentness_dependencies.StressCurrentnessDependenciesTests.test_dependency_discovery_rejects_unreviewed_artifact_expressions) ... ok
test_frozen_boundary_matches_live_metadata (test_stress_currentness_dependencies.StressCurrentnessDependenciesTests.test_frozen_boundary_matches_live_metadata) ... ok
test_stress_hodge_dependency_uses_the_verified_external_artifact (test_stress_currentness_dependencies.StressCurrentnessDependenciesTests.test_stress_hodge_dependency_uses_the_verified_external_artifact) ... ok
test_workflow_watches_direct_stress_json_inputs_on_push_and_pr (test_stress_currentness_dependencies.StressCurrentnessDependenciesTests.test_workflow_watches_direct_stress_json_inputs_on_push_and_pr) ... ok
test_workflow_watches_pinned_hodge_controls_after_relocation (test_stress_currentness_dependencies.StressCurrentnessDependenciesTests.test_workflow_watches_pinned_hodge_controls_after_relocation) ... ok

----------------------------------------------------------------------
Ran 376 tests in 130.241s

OK
