2026-10-10T03:52:48.1357725Z Current runner version: '2.337.0'
2026-10-10T03:52:48.1394849Z ##[group]Runner Image Provisioner
2026-10-10T03:52:48.1396416Z Hosted Compute Agent
2026-10-10T03:52:48.1397437Z Version: 20261002.596
2026-10-10T03:52:48.1398479Z Commit: c3d12f3313a95f25162a1503be624f3b0617f8c0
2026-10-10T03:52:48.1399661Z Build Date: 2026-10-02T22:28:27Z
2026-10-10T03:52:48.1400953Z Worker ID: {d6bb232c-2bc0-458d-afc3-b954816c94c9}
2026-10-10T03:52:48.1402307Z Region: eastus2
2026-10-10T03:52:48.1403428Z Cloud: Azure
2026-10-10T03:52:48.1404398Z ##[endgroup]
2026-10-10T03:52:48.1407794Z ##[group]Operating System
2026-10-10T03:52:48.1408988Z Ubuntu
2026-10-10T03:52:48.1409900Z 24.04.5
2026-10-10T03:52:48.1410676Z LTS
2026-10-10T03:52:48.1411625Z ##[endgroup]
2026-10-10T03:52:48.1412607Z ##[group]Runner Image
2026-10-10T03:52:48.1414015Z Image: ubuntu-24.04
2026-10-10T03:52:48.1415429Z Version: 20261004.327.1
2026-10-10T03:52:48.1417736Z Included Software: https://github.com/actions/runner-images/blob/ubuntu24/20261004.327/images/ubuntu/Ubuntu2404-Readme.md
2026-10-10T03:52:48.1420535Z Image Release: https://github.com/actions/runner-images/releases/tag/ubuntu24%2F20261004.327
2026-10-10T03:52:48.1422466Z ##[endgroup]
2026-10-10T03:52:48.1424473Z ##[group]GITHUB_TOKEN Permissions
2026-10-10T03:52:48.1427820Z Contents: read
2026-10-10T03:52:48.1428773Z Metadata: read
2026-10-10T03:52:48.1429683Z ##[endgroup]
2026-10-10T03:52:48.1432814Z Secret source: Actions
2026-10-10T03:52:48.1434539Z Cache mode: write
2026-10-10T03:52:48.1436567Z Prepare workflow directory
2026-10-10T03:52:48.2205977Z Prepare all required actions
2026-10-10T03:52:48.2339574Z Complete job name: verify
2026-10-10T03:52:48.3467880Z ##[group]Run set -euo pipefail
2026-10-10T03:52:48.3468974Z [36;1mset -euo pipefail[0m
2026-10-10T03:52:48.3469877Z [36;1mtest -n "$VERIFY_SHA"[0m
2026-10-10T03:52:48.3470943Z [36;1mgit init "$GITHUB_WORKSPACE"[0m
2026-10-10T03:52:48.3471914Z [36;1mcd "$GITHUB_WORKSPACE"[0m
2026-10-10T03:52:48.3473183Z [36;1mgit remote add origin "https://github.com/${GITHUB_REPOSITORY}.git"[0m
2026-10-10T03:52:48.3474629Z [36;1mgit fetch --depth=1 origin "$VERIFY_SHA"[0m
2026-10-10T03:52:48.3476095Z [36;1mgit checkout --detach FETCH_HEAD[0m
2026-10-10T03:52:48.3477235Z [36;1mtest "$(git rev-parse HEAD)" = "$VERIFY_SHA"[0m
2026-10-10T03:52:48.4299214Z shell: /usr/bin/bash --noprofile --norc -e -o pipefail {0}
2026-10-10T03:52:48.4300321Z env:
2026-10-10T03:52:48.4300864Z   VERIFY_SHA: 49a0154d60d5f0d8a419c3ac808a11442e169402
2026-10-10T03:52:48.4301506Z ##[endgroup]
2026-10-10T03:52:48.4734543Z hint: Using 'master' as the name for the initial branch. This default branch name
2026-10-10T03:52:48.4737768Z Initialized empty Git repository in /home/runner/work/Other-Projects-/Other-Projects-/.git/
2026-10-10T03:52:48.4739735Z hint: will change to "main" in Git 3.0. To configure the initial branch name
2026-10-10T03:52:48.4741443Z hint: to use in all of your new repositories, which will suppress this warning,
2026-10-10T03:52:48.4742857Z hint: call:
2026-10-10T03:52:48.4743698Z hint:
2026-10-10T03:52:48.4744699Z hint: 	git config --global init.defaultBranch <name>
2026-10-10T03:52:48.4746149Z hint:
2026-10-10T03:52:48.4747254Z hint: Names commonly chosen instead of 'master' are 'main', 'trunk' and
2026-10-10T03:52:48.4748964Z hint: 'development'. The just-created branch can be renamed via this command:
2026-10-10T03:52:48.4750342Z hint:
2026-10-10T03:52:48.4751146Z hint: 	git branch -m <name>
2026-10-10T03:52:48.4752052Z hint:
2026-10-10T03:52:48.4753249Z hint: Disable this message with "git config set advice.defaultBranchName false"
2026-10-10T03:52:48.8342180Z From https://github.com/redogit/Other-Projects-
2026-10-10T03:52:48.8343200Z  * branch            49a0154d60d5f0d8a419c3ac808a11442e169402 -> FETCH_HEAD
2026-10-10T03:52:48.8987217Z HEAD is now at 49a0154 Repair FKDB Plan C secret exclusions and integrate current main with retained Plan D/E
2026-10-10T03:52:48.9156314Z ##[group]Run python3 tools/hodge_dependency.py fetch
2026-10-10T03:52:48.9157476Z [36;1mpython3 tools/hodge_dependency.py fetch[0m
2026-10-10T03:52:48.9158304Z [36;1mpython3 tools/hodge_dependency.py verify[0m
2026-10-10T03:52:48.9223013Z shell: /usr/bin/bash -e {0}
2026-10-10T03:52:48.9223588Z env:
2026-10-10T03:52:48.9224121Z   VERIFY_SHA: 49a0154d60d5f0d8a419c3ac808a11442e169402
2026-10-10T03:52:48.9224854Z ##[endgroup]
2026-10-10T03:52:49.3074714Z HODGE_DEPENDENCY=PASS repository=redogit/hodge revision=365ce68da4f1d8dee3fd3cc7344b5e085dec364f artifacts=3 checkout=/home/runner/work/Other-Projects-/Other-Projects-/.dependencies/hodge
2026-10-10T03:52:49.3527444Z HODGE_DEPENDENCY=PASS repository=redogit/hodge revision=365ce68da4f1d8dee3fd3cc7344b5e085dec364f artifacts=3 checkout=/home/runner/work/Other-Projects-/Other-Projects-/.dependencies/hodge
2026-10-10T03:52:49.3639329Z ##[group]Run python3 -m unittest discover -s tools/tests -v
2026-10-10T03:52:49.3640373Z [36;1mpython3 -m unittest discover -s tools/tests -v[0m
2026-10-10T03:52:49.3704562Z shell: /usr/bin/bash -e {0}
2026-10-10T03:52:49.3705470Z env:
2026-10-10T03:52:49.3706035Z   VERIFY_SHA: 49a0154d60d5f0d8a419c3ac808a11442e169402
2026-10-10T03:52:49.3706804Z ##[endgroup]
2026-10-10T03:52:49.6112843Z test_explicit_fetch_materializes_only_the_locked_revision (test_hodge_dependency.HodgeDependencyTests.test_explicit_fetch_materializes_only_the_locked_revision) ... ok
2026-10-10T03:52:49.6362088Z test_failed_fetch_leaves_no_partially_admitted_checkout (test_hodge_dependency.HodgeDependencyTests.test_failed_fetch_leaves_no_partially_admitted_checkout) ... ok
2026-10-10T03:52:49.6531121Z test_fetch_does_not_overwrite_modified_existing_artifact (test_hodge_dependency.HodgeDependencyTests.test_fetch_does_not_overwrite_modified_existing_artifact) ... ok
2026-10-10T03:52:49.6928399Z test_fetch_integrity_failure_leaves_no_admitted_checkout (test_hodge_dependency.HodgeDependencyTests.test_fetch_integrity_failure_leaves_no_admitted_checkout) ... ok
2026-10-10T03:52:49.7095296Z test_fetch_reuses_verified_checkout_without_network (test_hodge_dependency.HodgeDependencyTests.test_fetch_reuses_verified_checkout_without_network) ... ok
2026-10-10T03:52:49.7239467Z test_lock_path_escape_is_rejected (test_hodge_dependency.HodgeDependencyTests.test_lock_path_escape_is_rejected) ... ok
2026-10-10T03:52:49.7396351Z test_malformed_lock_types_fail_with_dependency_diagnostic (test_hodge_dependency.HodgeDependencyTests.test_malformed_lock_types_fail_with_dependency_diagnostic) ... ok
2026-10-10T03:52:49.7556273Z test_missing_artifact_is_rejected_without_old_path_fallback (test_hodge_dependency.HodgeDependencyTests.test_missing_artifact_is_rejected_without_old_path_fallback) ... ok
2026-10-10T03:52:49.7701790Z test_missing_checkout_fails_with_explicit_fetch_instruction (test_hodge_dependency.HodgeDependencyTests.test_missing_checkout_fails_with_explicit_fetch_instruction) ... ok
2026-10-10T03:52:49.7859582Z test_modified_artifact_at_correct_commit_is_rejected (test_hodge_dependency.HodgeDependencyTests.test_modified_artifact_at_correct_commit_is_rejected) ... ok
2026-10-10T03:52:49.8017483Z test_relocated_checkout_preserves_exact_bytes_without_former_path (test_hodge_dependency.HodgeDependencyTests.test_relocated_checkout_preserves_exact_bytes_without_former_path) ... ok
2026-10-10T03:52:49.8216654Z test_same_bytes_at_unpinned_revision_are_rejected (test_hodge_dependency.HodgeDependencyTests.test_same_bytes_at_unpinned_revision_are_rejected) ... ok
2026-10-10T03:52:49.8374482Z test_symlink_escape_is_rejected (test_hodge_dependency.HodgeDependencyTests.test_symlink_escape_is_rejected) ... ok
2026-10-10T03:52:49.8534354Z test_unknown_artifact_is_rejected (test_hodge_dependency.HodgeDependencyTests.test_unknown_artifact_is_rejected) ... ok
2026-10-10T03:52:49.8536946Z 
2026-10-10T03:52:49.8537618Z ----------------------------------------------------------------------
2026-10-10T03:52:49.8539098Z Ran 14 tests in 0.298s
2026-10-10T03:52:49.8539670Z 
2026-10-10T03:52:49.8539994Z OK
2026-10-10T03:52:49.8753729Z ##[group]Run python3 -m unittest discover -s "Decision Field Operator Lab" -p "test_*.py" -v
2026-10-10T03:52:49.8757285Z [36;1mpython3 -m unittest discover -s "Decision Field Operator Lab" -p "test_*.py" -v[0m
2026-10-10T03:52:49.8826142Z shell: /usr/bin/bash -e {0}
2026-10-10T03:52:49.8827352Z env:
2026-10-10T03:52:49.8828516Z   VERIFY_SHA: 49a0154d60d5f0d8a419c3ac808a11442e169402
2026-10-10T03:52:49.8830020Z ##[endgroup]
2026-10-10T03:52:50.1823517Z test_bounded_audit_controls (test_builder.ArtifactTests.test_bounded_audit_controls) ... ok
2026-10-10T03:52:50.1996298Z test_periodic_table_round_trip (test_builder.ArtifactTests.test_periodic_table_round_trip) ... ok
2026-10-10T03:52:50.2111645Z test_expected_fixture_winners (test_builder.BalanceTests.test_expected_fixture_winners) ... ok
2026-10-10T03:52:50.2226548Z test_structural_operators_are_incomparable_without_bridge (test_builder.BalanceTests.test_structural_operators_are_incomparable_without_bridge) ... ok
2026-10-10T03:52:50.2247097Z test_all_nand_certificates_verify (test_builder.BooleanCalibrationTests.test_all_nand_certificates_verify) ... ok
2026-10-10T03:52:50.2251277Z test_complete_boolean_registry (test_builder.BooleanCalibrationTests.test_complete_boolean_registry) ... ok
2026-10-10T03:52:50.2255636Z test_operator_properties_spot_checks (test_builder.BooleanCalibrationTests.test_operator_properties_spot_checks) ... ok
2026-10-10T03:52:50.2261710Z test_xnor_negative_control_at_four_gates (test_builder.BooleanCalibrationTests.test_xnor_negative_control_at_four_gates) ... ok
2026-10-10T03:52:50.2265780Z test_protocol_and_duplicate (test_builder.BuilderProtocolTests.test_protocol_and_duplicate) ... ok
2026-10-10T03:52:50.2270099Z test_rejected_proposal_cannot_be_admitted (test_builder.BuilderProtocolTests.test_rejected_proposal_cannot_be_admitted) ... ok
2026-10-10T03:52:50.2275540Z test_compass_census_and_independent_orbits (test_builder.CompassTests.test_compass_census_and_independent_orbits) ... ok
2026-10-10T03:52:50.2280296Z test_heading_canonicalization (test_builder.CompassTests.test_heading_canonicalization) ... ok
2026-10-10T03:52:50.2285129Z test_equal_gain_loss_is_not_no_change (test_builder.SPrimeTests.test_equal_gain_loss_is_not_no_change) ... ok
2026-10-10T03:52:50.2289147Z test_representation_only (test_builder.SPrimeTests.test_representation_only) ... ok
2026-10-10T03:52:50.2292882Z test_agreement_does_not_establish_independence (test_contextual_multicarrier.ContextualMultiCarrierTests.test_agreement_does_not_establish_independence) ... ok
2026-10-10T03:52:50.2297907Z test_bbf_analogy_detects_loss_and_introduction (test_contextual_multicarrier.ContextualMultiCarrierTests.test_bbf_analogy_detects_loss_and_introduction) ... ok
2026-10-10T03:52:50.2302158Z test_bbf_analogy_preserved (test_contextual_multicarrier.ContextualMultiCarrierTests.test_bbf_analogy_preserved) ... ok
2026-10-10T03:52:50.2306252Z test_canonical_json_is_deterministic (test_contextual_multicarrier.ContextualMultiCarrierTests.test_canonical_json_is_deterministic) ... ok
2026-10-10T03:52:50.2311083Z test_compare_detects_loss_and_introduction (test_contextual_multicarrier.ContextualMultiCarrierTests.test_compare_detects_loss_and_introduction) ... ok
2026-10-10T03:52:50.2316304Z test_confound_audit_catches_cross_carrier_overclaims (test_contextual_multicarrier.ContextualMultiCarrierTests.test_confound_audit_catches_cross_carrier_overclaims) ... ok
2026-10-10T03:52:50.2321577Z test_gate_promotes_verified_admitted_bounded_successor (test_contextual_multicarrier.ContextualMultiCarrierTests.test_gate_promotes_verified_admitted_bounded_successor) ... ok
2026-10-10T03:52:50.2326508Z test_gate_reopens_agreement_only_candidate (test_contextual_multicarrier.ContextualMultiCarrierTests.test_gate_reopens_agreement_only_candidate) ... ok
2026-10-10T03:52:50.2330788Z test_interpreters_remain_separate (test_contextual_multicarrier.ContextualMultiCarrierTests.test_interpreters_remain_separate) ... ok
2026-10-10T03:52:50.2336046Z test_one_occurrence_can_have_multiple_roles (test_contextual_multicarrier.ContextualMultiCarrierTests.test_one_occurrence_can_have_multiple_roles) ... ok
2026-10-10T03:52:50.2340943Z test_projection_has_four_carriers_and_claim_ceilings (test_contextual_multicarrier.ContextualMultiCarrierTests.test_projection_has_four_carriers_and_claim_ceilings) ... ok
2026-10-10T03:52:50.2346004Z test_same_word_binds_differently_by_context (test_contextual_multicarrier.ContextualMultiCarrierTests.test_same_word_binds_differently_by_context) ... ok
2026-10-10T03:52:50.2350754Z test_consequential_equivalence_is_task_local (test_decision_field.DecisionFieldTests.test_consequential_equivalence_is_task_local) ... ok
2026-10-10T03:52:50.2354451Z test_gravity_score_is_lexicographic (test_decision_field.DecisionFieldTests.test_gravity_score_is_lexicographic) ... ok
2026-10-10T03:52:50.2357904Z test_impossible_goal_is_certified (test_decision_field.DecisionFieldTests.test_impossible_goal_is_certified) ... ok
2026-10-10T03:52:50.2361012Z test_operator_reaches_goal (test_decision_field.DecisionFieldTests.test_operator_reaches_goal) ... ok
2026-10-10T03:52:50.2365158Z test_mathbox_adapter_module_exists (test_fkdb_adapter_mathbox.FkdbMathboxAdapterRedContractTests.test_mathbox_adapter_module_exists) ... ok
2026-10-10T03:52:50.2370227Z test_config_and_events_become_ordered_raw_json_carriers (test_fkdb_adapter_mathbox.FkdbMathboxAdapterTests.test_config_and_events_become_ordered_raw_json_carriers) ... ok
2026-10-10T03:52:50.2374615Z test_file_limit_is_partial_and_explicit (test_fkdb_adapter_mathbox.FkdbMathboxAdapterTests.test_file_limit_is_partial_and_explicit) ... ok
2026-10-10T03:52:50.2379469Z test_invalid_json_is_explicit_remainder_not_crash (test_fkdb_adapter_mathbox.FkdbMathboxAdapterTests.test_invalid_json_is_explicit_remainder_not_crash) ... ok
2026-10-10T03:52:50.2383824Z test_mathbox_labels_are_not_promoted_to_proved (test_fkdb_adapter_mathbox.FkdbMathboxAdapterTests.test_mathbox_labels_are_not_promoted_to_proved) ... ok
2026-10-10T03:52:50.2387853Z test_no_mathbox_is_unavailable (test_fkdb_adapter_mathbox.FkdbMathboxAdapterTests.test_no_mathbox_is_unavailable) ... ok
2026-10-10T03:52:50.2391568Z test_symlinked_mathbox_escape_is_rejected (test_fkdb_adapter_mathbox.FkdbMathboxAdapterTests.test_symlinked_mathbox_escape_is_rejected) ... ok
2026-10-10T03:52:50.2399766Z test_all_provider_authority_scopes_and_raw_records_are_preserved (test_fkdb_adapter_portable_provider.PortableProviderTests.test_all_provider_authority_scopes_and_raw_records_are_preserved) ... ok
2026-10-10T03:52:50.2405087Z test_path_escape_is_rejected (test_fkdb_adapter_portable_provider.PortableProviderTests.test_path_escape_is_rejected) ... ok
2026-10-10T03:52:50.2411724Z test_provider_spoofing_is_rejected (test_fkdb_adapter_portable_provider.PortableProviderTests.test_provider_spoofing_is_rejected) ... ok
2026-10-10T03:52:50.2419611Z test_record_and_byte_bounds_are_explicit (test_fkdb_adapter_portable_provider.PortableProviderTests.test_record_and_byte_bounds_are_explicit) ... ok
2026-10-10T03:52:50.2431988Z test_wrong_schema_and_malformed_record_are_explicit (test_fkdb_adapter_portable_provider.PortableProviderTests.test_wrong_schema_and_malformed_record_are_explicit) ... ok
2026-10-10T03:52:50.2436557Z test_railway_adapter_module_exists (test_fkdb_adapter_railway.FkdbRailwayAdapterRedContractTests.test_railway_adapter_module_exists) ... ok
2026-10-10T03:52:50.2458082Z test_collection_order_bounds_and_symlink_confinement (test_fkdb_adapter_railway.FkdbRailwayAdapterTests.test_collection_order_bounds_and_symlink_confinement) ... ok
2026-10-10T03:52:50.2475641Z test_current_iac_is_preserved_as_current_authority (test_fkdb_adapter_railway.FkdbRailwayAdapterTests.test_current_iac_is_preserved_as_current_authority) ... ok
2026-10-10T03:52:50.2496000Z test_legacy_configs_are_retained_with_deprecation_and_cutoff (test_fkdb_adapter_railway.FkdbRailwayAdapterTests.test_legacy_configs_are_retained_with_deprecation_and_cutoff) ... ok
2026-10-10T03:52:50.2507115Z test_missing_railway_artifacts_are_unavailable (test_fkdb_adapter_railway.FkdbRailwayAdapterTests.test_missing_railway_artifacts_are_unavailable) ... ok
2026-10-10T03:52:50.2527902Z test_portable_log_snapshot_is_raw_artifact_not_live_state (test_fkdb_adapter_railway.FkdbRailwayAdapterTests.test_portable_log_snapshot_is_raw_artifact_not_live_state) ... ok
2026-10-10T03:52:50.2533767Z test_supabase_adapter_module_exists (test_fkdb_adapter_supabase.FkdbSupabaseAdapterRedContractTests.test_supabase_adapter_module_exists) ... ok
2026-10-10T03:52:50.2561606Z test_collection_limits_return_partial_with_explicit_remainder (test_fkdb_adapter_supabase.FkdbSupabaseAdapterTests.test_collection_limits_return_partial_with_explicit_remainder) ... ok
2026-10-10T03:52:50.2601319Z test_collects_config_migration_seed_and_function_artifacts_in_order (test_fkdb_adapter_supabase.FkdbSupabaseAdapterTests.test_collects_config_migration_seed_and_function_artifacts_in_order) ... ok
2026-10-10T03:52:50.2607367Z test_missing_supabase_project_is_unavailable (test_fkdb_adapter_supabase.FkdbSupabaseAdapterTests.test_missing_supabase_project_is_unavailable) ... ok
2026-10-10T03:52:50.2623861Z test_secret_like_files_are_not_collected (test_fkdb_adapter_supabase.FkdbSupabaseAdapterTests.test_secret_like_files_are_not_collected) ... ok
2026-10-10T03:52:50.2633236Z test_symlinked_supabase_root_cannot_escape_allowed_root (test_fkdb_adapter_supabase.FkdbSupabaseAdapterTests.test_symlinked_supabase_root_cannot_escape_allowed_root) ... ok
2026-10-10T03:52:50.2638221Z test_superpowers_adapter_module_exists (test_fkdb_adapter_superpowers.FkdbSuperpowersAdapterRedContractTests.test_superpowers_adapter_module_exists) ... ok
2026-10-10T03:52:50.2648541Z test_content_is_preserved_raw_and_hash_matches (test_fkdb_adapter_superpowers.FkdbSuperpowersAdapterTests.test_content_is_preserved_raw_and_hash_matches) ... ok
2026-10-10T03:52:50.2679768Z test_file_and_byte_limits_are_explicit (test_fkdb_adapter_superpowers.FkdbSuperpowersAdapterTests.test_file_and_byte_limits_are_explicit) ... ok
2026-10-10T03:52:50.2688996Z test_missing_superpowers_tree_is_unavailable (test_fkdb_adapter_superpowers.FkdbSuperpowersAdapterTests.test_missing_superpowers_tree_is_unavailable) ... ok
2026-10-10T03:52:50.2716216Z test_specs_plans_and_progress_are_distinguished_and_ordered (test_fkdb_adapter_superpowers.FkdbSuperpowersAdapterTests.test_specs_plans_and_progress_are_distinguished_and_ordered) ... ok
2026-10-10T03:52:50.2725814Z test_symlinked_superpowers_tree_escape_is_rejected (test_fkdb_adapter_superpowers.FkdbSuperpowersAdapterTests.test_symlinked_superpowers_tree_escape_is_rejected) ... ok
2026-10-10T03:52:50.2730829Z test_wolfram_adapter_module_exists (test_fkdb_adapter_wolfram.FkdbWolframAdapterRedContractTests.test_wolfram_adapter_module_exists) ... ok
2026-10-10T03:52:50.2737903Z test_binary_notebook_bytes_are_preserved_as_base64_with_raw_hash (test_fkdb_adapter_wolfram.FkdbWolframAdapterTests.test_binary_notebook_bytes_are_preserved_as_base64_with_raw_hash) ... ok
2026-10-10T03:52:50.2744587Z test_discovered_wolframscript_is_degraded_not_executable (test_fkdb_adapter_wolfram.FkdbWolframAdapterTests.test_discovered_wolframscript_is_degraded_not_executable) ... ok
2026-10-10T03:52:50.2752829Z test_missing_executable_does_not_advertise_process_capability (test_fkdb_adapter_wolfram.FkdbWolframAdapterTests.test_missing_executable_does_not_advertise_process_capability) ... ok
2026-10-10T03:52:50.2759931Z test_text_wolfram_artifact_is_collected_read_only (test_fkdb_adapter_wolfram.FkdbWolframAdapterTests.test_text_wolfram_artifact_is_collected_read_only) ... ok
2026-10-10T03:52:50.2764451Z test_unsupported_or_oversized_artifact_is_rejected_or_partial (test_fkdb_adapter_wolfram.FkdbWolframAdapterTests.test_unsupported_or_oversized_artifact_is_rejected_or_partial) ... ok
2026-10-10T03:52:50.2768976Z test_zotero_adapter_module_exists (test_fkdb_adapter_zotero.FkdbZoteroAdapterRedContractTests.test_zotero_adapter_module_exists) ... ok
2026-10-10T03:52:50.2773870Z test_portable_bib_ris_and_json_are_raw_source_carriers (test_fkdb_adapter_zotero.FkdbZoteroAdapterTests.test_portable_bib_ris_and_json_are_raw_source_carriers) ... ok
2026-10-10T03:52:50.8174426Z test_read_only_local_api_search_preserves_item_keys_and_bounds_query (test_fkdb_adapter_zotero.FkdbZoteroAdapterTests.test_read_only_local_api_search_preserves_item_keys_and_bounds_query) ... ok
2026-10-10T03:52:51.3373473Z test_redirect_to_non_loopback_is_rejected (test_fkdb_adapter_zotero.FkdbZoteroAdapterTests.test_redirect_to_non_loopback_is_rejected) ... ok
2026-10-10T03:52:51.3559839Z test_unavailable_local_api_is_unavailable (test_fkdb_adapter_zotero.FkdbZoteroAdapterTests.test_unavailable_local_api_is_unavailable) ... ok
2026-10-10T03:52:51.3562480Z test_admission_preserves_provider_authority_and_source_identity (test_fkdb_cross_carrier.CrossCarrierTests.test_admission_preserves_provider_authority_and_source_identity) ... ok
2026-10-10T03:52:51.3565610Z test_contradictions_require_same_explicit_subject_and_different_claim (test_fkdb_cross_carrier.CrossCarrierTests.test_contradictions_require_same_explicit_subject_and_different_claim) ... ok
2026-10-10T03:52:51.3567874Z test_duplicate_carrier_id_is_rejected (test_fkdb_cross_carrier.CrossCarrierTests.test_duplicate_carrier_id_is_rejected) ... ok
2026-10-10T03:52:51.3574843Z test_external_overlay_is_queryable_without_mutating_canonical_index (test_fkdb_cross_carrier.CrossCarrierTests.test_external_overlay_is_queryable_without_mutating_canonical_index) ... ok
2026-10-10T03:52:51.3579179Z test_external_record_collision_is_rejected (test_fkdb_cross_carrier.CrossCarrierTests.test_external_record_collision_is_rejected) ... ok
2026-10-10T03:52:51.3581224Z test_external_records_are_separate_from_static_index_and_queryable_terms_are_bounded (test_fkdb_cross_carrier.CrossCarrierTests.test_external_records_are_separate_from_static_index_and_queryable_terms_are_bounded) ... ok
2026-10-10T03:52:51.3583221Z test_no_subject_key_means_no_inferred_contradiction (test_fkdb_cross_carrier.CrossCarrierTests.test_no_subject_key_means_no_inferred_contradiction) ... ok
2026-10-10T03:52:51.3587277Z test_failure_is_retrievable_not_discarded (test_fkdb_index.FkdbIndexTests.test_failure_is_retrievable_not_discarded) ... ok
2026-10-10T03:52:51.3589338Z test_independent_browser_recovers_predecessor (test_fkdb_index.FkdbIndexTests.test_independent_browser_recovers_predecessor) ... ok
2026-10-10T03:52:51.3591359Z test_multiple_candidates_remain_explicit (test_fkdb_index.FkdbIndexTests.test_multiple_candidates_remain_explicit) ... ok
2026-10-10T03:52:51.3593306Z test_no_match_is_not_falsehood (test_fkdb_index.FkdbIndexTests.test_no_match_is_not_falsehood) ... ok
2026-10-10T03:52:51.3595688Z test_scan_cost_is_explicit (test_fkdb_index.FkdbIndexTests.test_scan_cost_is_explicit) ... ok
2026-10-10T03:52:51.3606149Z test_unsupported_query_is_unresolved (test_fkdb_index.FkdbIndexTests.test_unsupported_query_is_unresolved) ... ok
2026-10-10T03:52:51.3607817Z test_webassembly_recovers_hif_framework (test_fkdb_index.FkdbIndexTests.test_webassembly_recovers_hif_framework) ... ok
2026-10-10T03:52:51.8817043Z test_relabelled_retained_sources_are_denied_over_http (test_fkdb_infrastructure_secret_import.InfrastructureSecretHttpImportTests.test_relabelled_retained_sources_are_denied_over_http) ... ok
2026-10-10T03:52:52.3896971Z test_retained_forbidden_infrastructure_local_files_are_denied_over_http (test_fkdb_infrastructure_secret_import.InfrastructureSecretHttpImportTests.test_retained_forbidden_infrastructure_local_files_are_denied_over_http) ... ok
2026-10-10T03:52:52.8931884Z test_valid_infrastructure_local_file_counterparts_are_admitted_over_http (test_fkdb_infrastructure_secret_import.InfrastructureSecretHttpImportTests.test_valid_infrastructure_local_file_counterparts_are_admitted_over_http) ... ok
2026-10-10T03:52:52.8939869Z test_declared_provider_origin_cannot_be_hidden_by_a_changed_tool_id (test_fkdb_infrastructure_secrets.InfrastructureSecretExclusionTests.test_declared_provider_origin_cannot_be_hidden_by_a_changed_tool_id) ... ok
2026-10-10T03:52:52.8942361Z test_ordinary_stream_names_remain_admissible (test_fkdb_infrastructure_secrets.InfrastructureSecretExclusionTests.test_ordinary_stream_names_remain_admissible) ... ok
2026-10-10T03:52:52.8995221Z test_original_forbidden_paths_never_become_validated_carriers_or_index_records (test_fkdb_infrastructure_secrets.InfrastructureSecretExclusionTests.test_original_forbidden_paths_never_become_validated_carriers_or_index_records) ... ok
2026-10-10T03:52:52.9061759Z test_prefixed_and_camel_secret_filenames_preserve_prior_exclusion (test_fkdb_infrastructure_secrets.InfrastructureSecretExclusionTests.test_prefixed_and_camel_secret_filenames_preserve_prior_exclusion) ... ok
2026-10-10T03:52:52.9108843Z test_railway_checks_secret_sensitive_symlink_alias_and_target_before_read (test_fkdb_infrastructure_secrets.InfrastructureSecretExclusionTests.test_railway_checks_secret_sensitive_symlink_alias_and_target_before_read) ... ok
2026-10-10T03:52:52.9131758Z test_railway_fixed_artifact_symlink_target_is_screened_before_read (test_fkdb_infrastructure_secrets.InfrastructureSecretExclusionTests.test_railway_fixed_artifact_symlink_target_is_screened_before_read) ... ok
2026-10-10T03:52:52.9175799Z test_railway_nested_case_and_private_key_variants_are_excluded_before_read (test_fkdb_infrastructure_secrets.InfrastructureSecretExclusionTests.test_railway_nested_case_and_private_key_variants_are_excluded_before_read) ... ok
2026-10-10T03:52:52.9250046Z test_railway_original_explicit_snapshot_failures_are_excluded_before_read (test_fkdb_infrastructure_secrets.InfrastructureSecretExclusionTests.test_railway_original_explicit_snapshot_failures_are_excluded_before_read) ... ok
2026-10-10T03:52:52.9253877Z test_registry_rejects_a_bypassed_forbidden_carrier (test_fkdb_infrastructure_secrets.InfrastructureSecretExclusionTests.test_registry_rejects_a_bypassed_forbidden_carrier) ... ok
2026-10-10T03:52:52.9266095Z test_relabelled_retained_sources_cannot_bypass_validation_or_bundle_import (test_fkdb_infrastructure_secrets.InfrastructureSecretExclusionTests.test_relabelled_retained_sources_cannot_bypass_validation_or_bundle_import) ... ok
2026-10-10T03:52:52.9269296Z test_retained_admission_records_cannot_bypass_index_projection (test_fkdb_infrastructure_secrets.InfrastructureSecretExclusionTests.test_retained_admission_records_cannot_bypass_index_projection) ... ok
2026-10-10T03:52:52.9278914Z test_retained_external_records_cannot_bypass_index_overlay (test_fkdb_infrastructure_secrets.InfrastructureSecretExclusionTests.test_retained_external_records_cannot_bypass_index_overlay) ... ok
2026-10-10T03:52:52.9287223Z test_retained_forbidden_bundle_import_is_rejected (test_fkdb_infrastructure_secrets.InfrastructureSecretExclusionTests.test_retained_forbidden_bundle_import_is_rejected) ... ok
2026-10-10T03:52:52.9291098Z test_retained_forbidden_carriers_cannot_reach_plan_e_index_admission (test_fkdb_infrastructure_secrets.InfrastructureSecretExclusionTests.test_retained_forbidden_carriers_cannot_reach_plan_e_index_admission) ... ok
2026-10-10T03:52:52.9300842Z test_retained_forbidden_local_carriers_are_rejected_by_shared_validator (test_fkdb_infrastructure_secrets.InfrastructureSecretExclusionTests.test_retained_forbidden_local_carriers_are_rejected_by_shared_validator) ... ok
2026-10-10T03:52:52.9303830Z test_retained_provenance_identity_cannot_hide_a_forbidden_source (test_fkdb_infrastructure_secrets.InfrastructureSecretExclusionTests.test_retained_provenance_identity_cannot_hide_a_forbidden_source) ... ok
2026-10-10T03:52:52.9369649Z test_sensitive_ambient_parent_does_not_exclude_valid_project_artifacts (test_fkdb_infrastructure_secrets.InfrastructureSecretExclusionTests.test_sensitive_ambient_parent_does_not_exclude_valid_project_artifacts) ... ok
2026-10-10T03:52:52.9442806Z test_supabase_checks_secret_sensitive_symlink_alias_and_target_before_read (test_fkdb_infrastructure_secrets.InfrastructureSecretExclusionTests.test_supabase_checks_secret_sensitive_symlink_alias_and_target_before_read) ... ok
2026-10-10T03:52:52.9497713Z test_supabase_nested_case_and_filename_variants_are_excluded_before_read (test_fkdb_infrastructure_secrets.InfrastructureSecretExclusionTests.test_supabase_nested_case_and_filename_variants_are_excluded_before_read) ... ok
2026-10-10T03:52:52.9524243Z test_supabase_original_nested_secret_failure_is_excluded_before_read (test_fkdb_infrastructure_secrets.InfrastructureSecretExclusionTests.test_supabase_original_nested_secret_failure_is_excluded_before_read) ... ok
2026-10-10T03:52:53.4551403Z test_collect_endpoint_requires_token_and_validates_carrier (test_fkdb_local_adapters.FkdbLocalAdapterBehaviorTests.test_collect_endpoint_requires_token_and_validates_carrier) ... ok
2026-10-10T03:52:53.4558555Z test_collection_root_is_resolved_through_bridge_policy (test_fkdb_local_adapters.FkdbLocalAdapterBehaviorTests.test_collection_root_is_resolved_through_bridge_policy) ... ok
2026-10-10T03:52:53.4560425Z test_default_production_policy_enables_no_adapters (test_fkdb_local_adapters.FkdbLocalAdapterBehaviorTests.test_default_production_policy_enables_no_adapters) ... ok
2026-10-10T03:52:53.4562444Z test_default_registry_knows_plan_c_adapters_but_policy_enables_none (test_fkdb_local_adapters.FkdbLocalAdapterBehaviorTests.test_default_registry_knows_plan_c_adapters_but_policy_enables_none) ... ok
2026-10-10T03:52:53.4566374Z test_partial_result_preserves_explicit_limits_and_remainder (test_fkdb_local_adapters.FkdbLocalAdapterBehaviorTests.test_partial_result_preserves_explicit_limits_and_remainder) ... ok
2026-10-10T03:52:53.4568108Z test_registry_rejects_duplicate_adapter_ids (test_fkdb_local_adapters.FkdbLocalAdapterBehaviorTests.test_registry_rejects_duplicate_adapter_ids) ... ok
2026-10-10T03:52:53.4571721Z test_result_carriers_are_validated_before_return (test_fkdb_local_adapters.FkdbLocalAdapterBehaviorTests.test_result_carriers_are_validated_before_return) ... ok
2026-10-10T03:52:53.4574251Z test_unknown_adapter_is_explicitly_unavailable (test_fkdb_local_adapters.FkdbLocalAdapterBehaviorTests.test_unknown_adapter_is_explicitly_unavailable) ... ok
2026-10-10T03:52:53.4575751Z test_adapter_module_exists (test_fkdb_local_adapters.FkdbLocalAdapterRedContractTests.test_adapter_module_exists) ... ok
2026-10-10T03:52:53.9622221Z test_bridge_token_origin_and_carrier_admission (test_fkdb_local_tool_bridge.FkdbLocalToolBridgeBehaviorTests.test_bridge_token_origin_and_carrier_admission) ... ok
2026-10-10T03:52:53.9627610Z test_non_loopback_bind_is_rejected (test_fkdb_local_tool_bridge.FkdbLocalToolBridgeBehaviorTests.test_non_loopback_bind_is_rejected) ... ok
2026-10-10T03:52:53.9633081Z test_only_literal_loopback_urls_are_admitted (test_fkdb_local_tool_bridge.FkdbLocalToolBridgeBehaviorTests.test_only_literal_loopback_urls_are_admitted) ... ok
2026-10-10T03:52:53.9643013Z test_path_traversal_and_symlink_escape_are_rejected (test_fkdb_local_tool_bridge.FkdbLocalToolBridgeBehaviorTests.test_path_traversal_and_symlink_escape_are_rejected) ... ok
2026-10-10T03:52:53.9648650Z test_process_descriptor_is_degraded_when_isolation_backends_are_unavailable (test_fkdb_local_tool_bridge.FkdbLocalToolBridgeBehaviorTests.test_process_descriptor_is_degraded_when_isolation_backends_are_unavailable) ... ok
2026-10-10T03:52:53.9658013Z test_process_is_deny_by_default_and_argv_is_not_shell_interpreted (test_fkdb_local_tool_bridge.FkdbLocalToolBridgeBehaviorTests.test_process_is_deny_by_default_and_argv_is_not_shell_interpreted) ... ok
2026-10-10T03:52:54.4680511Z test_run_endpoint_fails_closed_without_process_isolation_backend (test_fkdb_local_tool_bridge.FkdbLocalToolBridgeBehaviorTests.test_run_endpoint_fails_closed_without_process_isolation_backend) ... ok
2026-10-10T03:52:54.4682597Z test_bridge_module_and_default_policy_exist (test_fkdb_local_tool_bridge.FkdbLocalToolBridgeRedContractTests.test_bridge_module_and_default_policy_exist) ... ok
2026-10-10T03:52:54.4683856Z test_claim_ceiling_blocks_silent_promotion (test_fkdb_manifest.FkdbManifestTests.test_claim_ceiling_blocks_silent_promotion) ... ok
2026-10-10T03:52:54.4697005Z test_declared_relations_match_navigable_links (test_fkdb_manifest.FkdbManifestTests.test_declared_relations_match_navigable_links) ... ok
2026-10-10T03:52:54.4698994Z test_direct_successor_identity (test_fkdb_manifest.FkdbManifestTests.test_direct_successor_identity) ... ok
2026-10-10T03:52:54.4701029Z test_every_page_has_recovery_metadata (test_fkdb_manifest.FkdbManifestTests.test_every_page_has_recovery_metadata) ... ok
2026-10-10T03:52:54.4702852Z test_query_progression_is_explicit (test_fkdb_manifest.FkdbManifestTests.test_query_progression_is_explicit) ... ok
2026-10-10T03:52:54.4704694Z test_tools_page_is_local_status_surface (test_fkdb_manifest.FkdbManifestTests.test_tools_page_is_local_status_surface) ... ok
2026-10-10T03:52:54.4786026Z test_long_failure_title_truncates_only_display (test_fkdb_result_projection.FkdbResultProjectionTests.test_long_failure_title_truncates_only_display) ... ok
2026-10-10T03:52:54.4788439Z test_multiple_candidates_do_not_create_false_inspection_target (test_fkdb_result_projection.FkdbResultProjectionTests.test_multiple_candidates_do_not_create_false_inspection_target) ... ok
2026-10-10T03:52:54.4790791Z test_no_match_and_unresolved_are_distinct (test_fkdb_result_projection.FkdbResultProjectionTests.test_no_match_and_unresolved_are_distinct) ... ok
2026-10-10T03:52:54.4792900Z test_sidecar_retains_full_result_when_page_is_bounded (test_fkdb_result_projection.FkdbResultProjectionTests.test_sidecar_retains_full_result_when_page_is_bounded) ... ok
2026-10-10T03:52:54.4795444Z test_single_match_creates_source_and_recovery_inspection (test_fkdb_result_projection.FkdbResultProjectionTests.test_single_match_creates_source_and_recovery_inspection) ... ok
2026-10-10T03:52:54.4797515Z test_single_match_keeps_bounded_title (test_fkdb_result_projection.FkdbResultProjectionTests.test_single_match_keeps_bounded_title) ... ok
2026-10-10T03:52:56.0131690Z test_home_renders_progression_entry_and_lineage (test_fkdb_surface.FkdbLocalSurfaceTests.test_home_renders_progression_entry_and_lineage) ... ok
2026-10-10T03:53:04.4766022Z test_keyboard_opens_tools_surface_and_returns (test_fkdb_surface.FkdbLocalSurfaceTests.test_keyboard_opens_tools_surface_and_returns) ... ok
2026-10-10T03:53:21.5988192Z test_keyboard_walks_decay_recovery_progression_and_returns (test_fkdb_surface.FkdbLocalSurfaceTests.test_keyboard_walks_decay_recovery_progression_and_returns) ... ok
2026-10-10T03:53:21.5998732Z test_bundle_attachment_cannot_escape_root_via_symlink (test_fkdb_tool_carrier.FkdbToolCarrierBehaviorTests.test_bundle_attachment_cannot_escape_root_via_symlink) ... ok
2026-10-10T03:53:21.6005718Z test_bundle_limit_counts_attachment_bytes (test_fkdb_tool_carrier.FkdbToolCarrierBehaviorTests.test_bundle_limit_counts_attachment_bytes) ... ok
2026-10-10T03:53:21.6011240Z test_bundle_rejects_duplicate_ids_and_size_overflow (test_fkdb_tool_carrier.FkdbToolCarrierBehaviorTests.test_bundle_rejects_duplicate_ids_and_size_overflow) ... ok
2026-10-10T03:53:21.6022734Z test_bundle_verifies_attachment_bytes_and_hash (test_fkdb_tool_carrier.FkdbToolCarrierBehaviorTests.test_bundle_verifies_attachment_bytes_and_hash) ... ok
2026-10-10T03:53:21.6025555Z test_hash_mismatch_is_rejected (test_fkdb_tool_carrier.FkdbToolCarrierBehaviorTests.test_hash_mismatch_is_rejected) ... ok
2026-10-10T03:53:21.6027249Z test_missing_provenance_evidence_or_recovery_is_rejected (test_fkdb_tool_carrier.FkdbToolCarrierBehaviorTests.test_missing_provenance_evidence_or_recovery_is_rejected) ... ok
2026-10-10T03:53:21.6028422Z test_payload_size_limit_is_rejected (test_fkdb_tool_carrier.FkdbToolCarrierBehaviorTests.test_payload_size_limit_is_rejected) ... ok
2026-10-10T03:53:21.6029345Z test_unknown_locality_is_rejected (test_fkdb_tool_carrier.FkdbToolCarrierBehaviorTests.test_unknown_locality_is_rejected) ... ok
2026-10-10T03:53:21.6030375Z test_valid_carrier_round_trips_canonically (test_fkdb_tool_carrier.FkdbToolCarrierBehaviorTests.test_valid_carrier_round_trips_canonically) ... ok
2026-10-10T03:53:21.6032394Z test_wrong_bundle_schema_is_rejected (test_fkdb_tool_carrier.FkdbToolCarrierBehaviorTests.test_wrong_bundle_schema_is_rejected) ... ok
2026-10-10T03:53:21.6033670Z test_module_and_interchange_schemas_exist (test_fkdb_tool_carrier.FkdbToolCarrierRedContractTests.test_module_and_interchange_schemas_exist) ... ok
2026-10-10T03:53:21.6037289Z test_browser_surface_uses_progressive_module_loading (test_fkdb_wasm_hif.FkdbWasmHifContractTests.test_browser_surface_uses_progressive_module_loading) ... ok
2026-10-10T03:53:21.6038989Z test_browser_tools_surface_does_not_prompt_remote_login (test_fkdb_wasm_hif.FkdbWasmHifContractTests.test_browser_tools_surface_does_not_prompt_remote_login) ... ok
2026-10-10T03:53:21.6040399Z test_capability_contract_preserves_fkdb_invariants (test_fkdb_wasm_hif.FkdbWasmHifContractTests.test_capability_contract_preserves_fkdb_invariants) ... ok
2026-10-10T03:53:21.6042063Z test_component_capabilities_distinguish_native_and_browser_transpiled (test_fkdb_wasm_hif.FkdbWasmHifContractTests.test_component_capabilities_distinguish_native_and_browser_transpiled) ... ok
2026-10-10T03:53:21.6043576Z test_modern_first_fallback_tiers_are_ordered (test_fkdb_wasm_hif.FkdbWasmHifContractTests.test_modern_first_fallback_tiers_are_ordered) ... ok
2026-10-10T03:53:21.6044608Z test_no_user_agent_sniffing (test_fkdb_wasm_hif.FkdbWasmHifContractTests.test_no_user_agent_sniffing) ... ok
2026-10-10T03:53:21.6045766Z test_wasi02_collection_contract_uses_explicit_operation (test_fkdb_wasm_hif.FkdbWasmHifContractTests.test_wasi02_collection_contract_uses_explicit_operation) ... ok
2026-10-10T03:53:21.6046861Z test_wasi02_contract_is_explicit_poll_compatibility (test_fkdb_wasm_hif.FkdbWasmHifContractTests.test_wasi02_contract_is_explicit_poll_compatibility) ... ok
2026-10-10T03:53:21.6047955Z test_wasi02_local_tools_use_explicit_operation_resources (test_fkdb_wasm_hif.FkdbWasmHifContractTests.test_wasi02_local_tools_use_explicit_operation_resources) ... ok
2026-10-10T03:53:21.6049078Z test_wasi03_collection_contract_is_generic_native_async (test_fkdb_wasm_hif.FkdbWasmHifContractTests.test_wasi03_collection_contract_is_generic_native_async) ... ok
2026-10-10T03:53:21.6050048Z test_wasi03_contract_is_native_async (test_fkdb_wasm_hif.FkdbWasmHifContractTests.test_wasi03_contract_is_native_async) ... ok
2026-10-10T03:53:21.6050919Z test_wasi03_local_tools_are_native_async (test_fkdb_wasm_hif.FkdbWasmHifContractTests.test_wasi03_local_tools_are_native_async) ... ok
2026-10-10T03:53:21.6051873Z test_wit_collection_contract_has_no_vendor_names (test_fkdb_wasm_hif.FkdbWasmHifContractTests.test_wit_collection_contract_has_no_vendor_names) ... ok
2026-10-10T03:53:21.6055558Z test_build_routes_repair_and_select_without_claiming_authority (test_gsfl_bidirectional_cycle.BidirectionalMacroCycleTests.test_build_routes_repair_and_select_without_claiming_authority) ... ok
2026-10-10T03:53:21.6057750Z test_canonical_decision_field_loop_remains_unchanged (test_gsfl_bidirectional_cycle.BidirectionalMacroCycleTests.test_canonical_decision_field_loop_remains_unchanged) ... ok
2026-10-10T03:53:21.6165993Z test_full_cycle_is_deterministic_and_keeps_outward_inward_phases (test_gsfl_bidirectional_cycle.BidirectionalMacroCycleTests.test_full_cycle_is_deterministic_and_keeps_outward_inward_phases) ... ok
2026-10-10T03:53:21.6167613Z test_macro_cycle_order_is_exact (test_gsfl_bidirectional_cycle.BidirectionalMacroCycleTests.test_macro_cycle_order_is_exact) ... ok
2026-10-10T03:53:21.6168806Z test_macro_expansions_are_exact (test_gsfl_bidirectional_cycle.BidirectionalMacroCycleTests.test_macro_expansions_are_exact) ... ok
2026-10-10T03:53:21.6170324Z test_macros_are_not_primitive_operators (test_gsfl_bidirectional_cycle.BidirectionalMacroCycleTests.test_macros_are_not_primitive_operators) ... ok
2026-10-10T03:53:21.6174180Z test_profile_validates_against_operator_projection (test_gsfl_bidirectional_cycle.BidirectionalMacroCycleTests.test_profile_validates_against_operator_projection) ... ok
2026-10-10T03:53:21.6182230Z test_question_surfaces_confound_and_canonical_distinguish_handoff (test_gsfl_bidirectional_cycle.BidirectionalMacroCycleTests.test_question_surfaces_confound_and_canonical_distinguish_handoff) ... ok
2026-10-10T03:53:21.6190944Z test_reframe_changes_surface_but_preserves_declared_meaning (test_gsfl_bidirectional_cycle.BidirectionalMacroCycleTests.test_reframe_changes_surface_but_preserves_declared_meaning) ... ok
2026-10-10T03:53:21.6203192Z test_return_inward_reconstructs_teaches_back_and_fits_admitted_only (test_gsfl_bidirectional_cycle.BidirectionalMacroCycleTests.test_return_inward_reconstructs_teaches_back_and_fits_admitted_only) ... ok
2026-10-10T03:53:21.6210801Z test_seek_is_outward_and_does_not_mutate_input (test_gsfl_bidirectional_cycle.BidirectionalMacroCycleTests.test_seek_is_outward_and_does_not_mutate_input) ... ok
2026-10-10T03:53:21.6213134Z test_canonical_overlaps_delegate_instead_of_conflicting (test_gsfl_operator_projection.GSFLProjectionTests.test_canonical_overlaps_delegate_instead_of_conflicting) ... ok
2026-10-10T03:53:21.6216019Z test_confound_audit_flags_truth_and_learning_shortcuts (test_gsfl_operator_projection.GSFLProjectionTests.test_confound_audit_flags_truth_and_learning_shortcuts) ... ok
2026-10-10T03:53:21.6225124Z test_cooperation_and_tool_trace_remain_attributed (test_gsfl_operator_projection.GSFLProjectionTests.test_cooperation_and_tool_trace_remain_attributed) ... ok
2026-10-10T03:53:21.6226912Z test_fit_cannot_select_unadmitted_candidate_even_with_higher_score (test_gsfl_operator_projection.GSFLProjectionTests.test_fit_cannot_select_unadmitted_candidate_even_with_higher_score) ... ok
2026-10-10T03:53:21.6228644Z test_native_operator_does_not_mutate_input_envelope (test_gsfl_operator_projection.GSFLProjectionTests.test_native_operator_does_not_mutate_input_envelope) ... ok
2026-10-10T03:53:21.6229965Z test_profile_registers_all_operations_as_unique_operators (test_gsfl_operator_projection.GSFLProjectionTests.test_profile_registers_all_operations_as_unique_operators) ... ok
2026-10-10T03:53:21.6231705Z test_projection_points_to_complete_bounded_source_without_mutating_it (test_gsfl_operator_projection.GSFLProjectionTests.test_projection_points_to_complete_bounded_source_without_mutating_it) ... ok
2026-10-10T03:53:21.6233448Z test_proverb_operator_preserves_synthetic_provenance (test_gsfl_operator_projection.GSFLProjectionTests.test_proverb_operator_preserves_synthetic_provenance) ... ok
2026-10-10T03:53:21.6234510Z test_rotation_preserves_source_meaning (test_gsfl_operator_projection.GSFLProjectionTests.test_rotation_preserves_source_meaning) ... ok
2026-10-10T03:53:21.6235634Z test_shared_skill_and_agent_exist (test_gsfl_operator_projection.GSFLProjectionTests.test_shared_skill_and_agent_exist) ... ok
2026-10-10T03:53:21.6236484Z test_validate_profile_passes (test_gsfl_operator_projection.GSFLProjectionTests.test_validate_profile_passes) ... ok
2026-10-10T03:53:29.9257081Z test_readers_accept_an_alternate_pinned_checkout (test_hodge_relocation.HodgeRelocationTests.test_readers_accept_an_alternate_pinned_checkout) ... ok
2026-10-10T03:53:31.4198574Z test_http_200_response_is_admitted_as_new_document_then_renders (test_independent_browser_http.IndependentBrowserHttpTests.test_http_200_response_is_admitted_as_new_document_then_renders) ... ok
2026-10-10T03:53:31.4201047Z test_http_profile_owns_declared_apply_targets (test_independent_browser_http.IndependentBrowserHttpTests.test_http_profile_owns_declared_apply_targets) ... ok
2026-10-10T03:53:31.4299200Z test_http_request_is_built_by_rmapl_exactly (test_independent_browser_http.IndependentBrowserHttpTests.test_http_request_is_built_by_rmapl_exactly) ... ok
2026-10-10T03:53:31.4346026Z test_https_request_is_planned_for_native_tls_carrier (test_independent_browser_http.IndependentBrowserHttpTests.test_https_request_is_planned_for_native_tls_carrier) ... ok
2026-10-10T03:53:31.4502609Z test_non_200_and_missing_header_delimiter_fail_closed (test_independent_browser_http.IndependentBrowserHttpTests.test_non_200_and_missing_header_delimiter_fail_closed) ... ok
2026-10-10T03:53:35.5603137Z test_bad_http_response_does_not_replace_last_visual_state (test_independent_browser_http_session.LiveHttpSessionTests.test_bad_http_response_does_not_replace_last_visual_state) ... ok
2026-10-10T03:53:39.4038080Z test_cross_program_and_native_seams_use_outer_controller_bound (test_independent_browser_http_session.LiveHttpSessionTests.test_cross_program_and_native_seams_use_outer_controller_bound) ... ok
2026-10-10T03:53:46.2169098Z test_decrypted_bytes_still_require_response_admission (test_independent_browser_http_session.LiveHttpSessionTests.test_decrypted_bytes_still_require_response_admission) ... ok
2026-10-10T03:53:51.6350328Z test_https_uses_only_tls_carrier_then_admits_and_rerenders (test_independent_browser_http_session.LiveHttpSessionTests.test_https_uses_only_tls_carrier_then_admits_and_rerenders) ... ok
2026-10-10T03:53:55.0713492Z test_https_without_tls_carrier_stops_before_encrypted_transport (test_independent_browser_http_session.LiveHttpSessionTests.test_https_without_tls_carrier_stops_before_encrypted_transport) ... ok
2026-10-10T03:53:56.5342138Z test_initial_render_completes_inside_one_host_routing_turn (test_independent_browser_http_session.LiveHttpSessionTests.test_initial_render_completes_inside_one_host_routing_turn) ... ok
2026-10-10T03:54:01.9615345Z test_network_link_fetches_admits_and_rerenders_through_rmapl (test_independent_browser_http_session.LiveHttpSessionTests.test_network_link_fetches_admits_and_rerenders_through_rmapl) ... ok
2026-10-10T03:54:05.3752369Z test_network_link_without_carrier_stops_before_transport (test_independent_browser_http_session.LiveHttpSessionTests.test_network_link_without_carrier_stops_before_transport) ... ok
2026-10-10T03:54:10.7127898Z test_tls_failure_preserves_view_and_never_substitutes_http (test_independent_browser_http_session.LiveHttpSessionTests.test_tls_failure_preserves_view_and_never_substitutes_http) ... ok
2026-10-10T03:54:15.1388818Z test_enter_activates_focused_link_and_rerenders (test_independent_browser_keyboard.IndependentBrowserKeyboardTests.test_enter_activates_focused_link_and_rerenders) ... ok
2026-10-10T03:54:17.2411609Z test_enter_without_focus_does_not_navigate (test_independent_browser_keyboard.IndependentBrowserKeyboardTests.test_enter_without_focus_does_not_navigate) ... ok
2026-10-10T03:54:17.2413843Z test_keyboard_apply_target_is_rmapl_native (test_independent_browser_keyboard.IndependentBrowserKeyboardTests.test_keyboard_apply_target_is_rmapl_native) ... ok
2026-10-10T03:54:19.3457343Z test_tab_focuses_first_link_without_rerender (test_independent_browser_keyboard.IndependentBrowserKeyboardTests.test_tab_focuses_first_link_without_rerender) ... ok
2026-10-10T03:54:19.3486331Z test_all_browser_apply_targets_are_rmapl_native (test_independent_browser_native.IndependentBrowserNativeTests.test_all_browser_apply_targets_are_rmapl_native) ... ok
2026-10-10T03:54:20.7620007Z test_bounded_html_reaches_verified_admitted_owned_framebuffer (test_independent_browser_native.IndependentBrowserNativeTests.test_bounded_html_reaches_verified_admitted_owned_framebuffer) ... ok
2026-10-10T03:54:20.7681287Z test_unterminated_tag_is_preserved_as_explicit_residual (test_independent_browser_native.IndependentBrowserNativeTests.test_unterminated_tag_is_preserved_as_explicit_residual) ... ok
2026-10-10T03:54:22.2212945Z test_anchor_builds_hit_map_without_navigation (test_independent_browser_navigation.IndependentBrowserNavigationTests.test_anchor_builds_hit_map_without_navigation) ... ok
2026-10-10T03:54:24.3281396Z test_click_outside_link_does_not_navigate (test_independent_browser_navigation.IndependentBrowserNavigationTests.test_click_outside_link_does_not_navigate) ... ok
2026-10-10T03:54:24.3283536Z test_navigation_profile_owns_every_apply_target (test_independent_browser_navigation.IndependentBrowserNavigationTests.test_navigation_profile_owns_every_apply_target) ... ok
2026-10-10T03:54:28.1132091Z test_pointer_hit_navigates_and_rerenders_second_page (test_independent_browser_navigation.IndependentBrowserNavigationTests.test_pointer_hit_navigates_and_rerenders_second_page) ... ok
2026-10-10T03:54:32.4184431Z test_absolute_local_click_resolves_then_navigates_and_rerenders (test_independent_browser_url.IndependentBrowserUrlTests.test_absolute_local_click_resolves_then_navigates_and_rerenders) ... ok
2026-10-10T03:54:34.1652703Z test_https_url_is_parsed_but_not_promoted_to_fetch (test_independent_browser_url.IndependentBrowserUrlTests.test_https_url_is_parsed_but_not_promoted_to_fetch) ... ok
2026-10-10T03:54:35.6157120Z test_initial_absolute_local_link_builds_url_bearing_hit_map (test_independent_browser_url.IndependentBrowserUrlTests.test_initial_absolute_local_link_builds_url_bearing_hit_map) ... ok
2026-10-10T03:54:37.3267706Z test_network_url_without_path_canonicalizes_slash (test_independent_browser_url.IndependentBrowserUrlTests.test_network_url_without_path_canonicalizes_slash) ... ok
2026-10-10T03:54:39.8574058Z test_query_and_fragment_fail_closed_in_bounded_profile (test_independent_browser_url.IndependentBrowserUrlTests.test_query_and_fragment_fail_closed_in_bounded_profile) ... ok
2026-10-10T03:54:41.5519028Z test_relative_local_href_gets_canonical_identity (test_independent_browser_url.IndependentBrowserUrlTests.test_relative_local_href_gets_canonical_identity) ... ok
2026-10-10T03:54:41.5520688Z test_url_resolver_is_rmapl_native (test_independent_browser_url.IndependentBrowserUrlTests.test_url_resolver_is_rmapl_native) ... ok
2026-10-10T03:54:41.5527769Z test_identity_covers_claim_ceiling_resource_bounds_and_remainder (test_omega.OmegaTests.test_identity_covers_claim_ceiling_resource_bounds_and_remainder) ... ok
2026-10-10T03:54:41.5529651Z test_inspection_record_exposes_skipped_gate (test_omega.OmegaTests.test_inspection_record_exposes_skipped_gate) ... ok
2026-10-10T03:54:41.5531427Z test_mutating_caller_after_construction_does_not_mutate_omega (test_omega.OmegaTests.test_mutating_caller_after_construction_does_not_mutate_omega) ... ok
2026-10-10T03:54:41.5533239Z test_non_json_and_non_finite_values_fail_closed (test_omega.OmegaTests.test_non_json_and_non_finite_values_fail_closed) ... ok
2026-10-10T03:54:41.5535454Z test_published_schema_construction_is_satisfiable_by_declared_fields (test_omega.OmegaTests.test_published_schema_construction_is_satisfiable_by_declared_fields) ... ok
2026-10-10T03:54:41.5537904Z test_round_trip_report_separates_preserved_lost_introduced_changed_and_unresolved (test_omega.OmegaTests.test_round_trip_report_separates_preserved_lost_introduced_changed_and_unresolved) ... ok
2026-10-10T03:54:41.5543673Z test_strict_record_is_deterministic_and_closed (test_omega.OmegaTests.test_strict_record_is_deterministic_and_closed) ... ok
2026-10-10T03:54:41.5547373Z test_unknown_authority_field_fails_closed (test_omega.OmegaTests.test_unknown_authority_field_fails_closed) ... ok
2026-10-10T03:54:41.5565740Z test_decision_field_round_trip_preserves_native_semantics_and_remainder (test_omega_adapters.OmegaAdapterTests.test_decision_field_round_trip_preserves_native_semantics_and_remainder) ... ok
2026-10-10T03:54:41.5577528Z test_decision_field_round_trip_report_is_exact (test_omega_adapters.OmegaAdapterTests.test_decision_field_round_trip_report_is_exact) ... ok
2026-10-10T03:54:41.5584587Z test_native_only_data_stays_in_domain_remainder (test_omega_adapters.OmegaAdapterTests.test_native_only_data_stays_in_domain_remainder) ... ok
2026-10-10T03:54:41.5587427Z test_s1_adapter_rejects_wrong_schema_or_operator_version (test_omega_adapters.OmegaAdapterTests.test_s1_adapter_rejects_wrong_schema_or_operator_version) ... ok
2026-10-10T03:54:41.5600722Z test_s1_equal_compressed_counts_do_not_equal_history (test_omega_adapters.OmegaAdapterTests.test_s1_equal_compressed_counts_do_not_equal_history) ... ok
2026-10-10T03:54:41.5607747Z test_s1_projection_does_not_manufacture_software_verification (test_omega_adapters.OmegaAdapterTests.test_s1_projection_does_not_manufacture_software_verification) ... ok
2026-10-10T03:54:41.5622493Z test_s1_round_trip_keeps_ordered_actions_and_native_only_fields (test_omega_adapters.OmegaAdapterTests.test_s1_round_trip_keeps_ordered_actions_and_native_only_fields) ... ok
2026-10-10T03:54:41.5629173Z test_dimensional_projection_requires_explicit_loss_declaration (test_omega_domain_adapters.OmegaDomainAdapterTests.test_dimensional_projection_requires_explicit_loss_declaration) ... ok
2026-10-10T03:54:41.5634660Z test_gsfl_frozen_audit_preserves_fit_truth_boundary (test_omega_domain_adapters.OmegaDomainAdapterTests.test_gsfl_frozen_audit_preserves_fit_truth_boundary) ... ok
2026-10-10T03:54:41.5668274Z test_hodge_frozen_bridge_preserves_candidate_authority_and_full_chronology (test_omega_domain_adapters.OmegaDomainAdapterTests.test_hodge_frozen_bridge_preserves_candidate_authority_and_full_chronology) ... ok
2026-10-10T03:54:41.5689166Z test_hodge_stronger_unknown_authority_fails_closed (test_omega_domain_adapters.OmegaDomainAdapterTests.test_hodge_stronger_unknown_authority_fails_closed) ... ok
2026-10-10T03:54:41.5695755Z test_image_surface_keeps_intrinsic_and_projection_observations_separate (test_omega_domain_adapters.OmegaDomainAdapterTests.test_image_surface_keeps_intrinsic_and_projection_observations_separate) ... ok
2026-10-10T03:54:41.5709589Z test_read_only_domain_adapters_do_not_create_software_verification (test_omega_domain_adapters.OmegaDomainAdapterTests.test_read_only_domain_adapters_do_not_create_software_verification) ... ok
2026-10-10T03:54:41.5714678Z test_suggestion_remains_suggestion_only (test_omega_domain_adapters.OmegaDomainAdapterTests.test_suggestion_remains_suggestion_only) ... ok
2026-10-10T03:54:41.5719436Z test_consequence_vector_is_exactly_all_directional (test_omega_relations.OmegaRelationalFieldTests.test_consequence_vector_is_exactly_all_directional) ... ok
2026-10-10T03:54:41.5722453Z test_currentness_way_back_and_authority_boundaries_are_explicit (test_omega_relations.OmegaRelationalFieldTests.test_currentness_way_back_and_authority_boundaries_are_explicit) ... ok
2026-10-10T03:54:41.5724463Z test_inputs_are_not_mutated (test_omega_relations.OmegaRelationalFieldTests.test_inputs_are_not_mutated) ... ok
2026-10-10T03:54:41.5727789Z test_relation_evidence_is_reference_only_not_authority_promotion (test_omega_relations.OmegaRelationalFieldTests.test_relation_evidence_is_reference_only_not_authority_promotion) ... ok
2026-10-10T03:54:41.5731478Z test_relation_preserves_endpoints_without_forcing_shared_ontology (test_omega_relations.OmegaRelationalFieldTests.test_relation_preserves_endpoints_without_forcing_shared_ontology) ... ok
2026-10-10T03:54:41.5737834Z test_relational_field_is_deterministic_content_addressed_and_validates (test_omega_relations.OmegaRelationalFieldTests.test_relational_field_is_deterministic_content_addressed_and_validates) ... ok
2026-10-10T03:54:41.5744261Z test_tamper_and_invalid_relation_contract_fail_closed (test_omega_relations.OmegaRelationalFieldTests.test_tamper_and_invalid_relation_contract_fail_closed) ... ok
2026-10-10T03:54:41.5771757Z test_decision_field_projects_binds_relation_sidecar_and_reconstructs_exactly (test_omega_relations_decision_field.DecisionFieldRelationalWitnessTests.test_decision_field_projects_binds_relation_sidecar_and_reconstructs_exactly) ... ok
2026-10-10T03:54:41.5790865Z test_relation_sidecar_does_not_promote_native_evidence_or_rewrite_native_relations (test_omega_relations_decision_field.DecisionFieldRelationalWitnessTests.test_relation_sidecar_does_not_promote_native_evidence_or_rewrite_native_relations) ... ok
2026-10-10T03:54:41.5792950Z test_authority_and_independence_boundaries_are_explicit (test_operator_skills.OperatorSkillRegistryTests.test_authority_and_independence_boundaries_are_explicit) ... ok
2026-10-10T03:54:41.5795560Z test_bidirectional_macros_are_registered_as_composition_only (test_operator_skills.OperatorSkillRegistryTests.test_bidirectional_macros_are_registered_as_composition_only) ... ok
2026-10-10T03:54:41.5797409Z test_canonical_operator_order (test_operator_skills.OperatorSkillRegistryTests.test_canonical_operator_order) ... ok
2026-10-10T03:54:41.5799565Z test_contextual_multicarrier_is_successor_reasoning_profile_only (test_operator_skills.OperatorSkillRegistryTests.test_contextual_multicarrier_is_successor_reasoning_profile_only) ... ok
2026-10-10T03:54:41.5801527Z test_coordination_contract_exists (test_operator_skills.OperatorSkillRegistryTests.test_coordination_contract_exists) ... ok
2026-10-10T03:54:41.5803047Z test_cross_project_transfer_is_not_automatic (test_operator_skills.OperatorSkillRegistryTests.test_cross_project_transfer_is_not_automatic) ... ok
2026-10-10T03:54:41.5805403Z test_each_operator_has_skill_agent_and_output_contract (test_operator_skills.OperatorSkillRegistryTests.test_each_operator_has_skill_agent_and_output_contract) ... ok
2026-10-10T03:54:41.5807432Z test_gsfl_profile_is_successor_projection_without_canonical_reordering (test_operator_skills.OperatorSkillRegistryTests.test_gsfl_profile_is_successor_projection_without_canonical_reordering) ... ok
2026-10-10T03:54:41.5811165Z test_comments_and_blank_lines_do_not_change_program (test_rmapl.RmaplParserTests.test_comments_and_blank_lines_do_not_change_program) ... ok
2026-10-10T03:54:41.5813858Z test_duplicate_identifier_or_bound_is_rejected (test_rmapl.RmaplParserTests.test_duplicate_identifier_or_bound_is_rejected) ... ok
2026-10-10T03:54:41.5815586Z test_missing_required_field_is_rejected (test_rmapl.RmaplParserTests.test_missing_required_field_is_rejected) ... ok
2026-10-10T03:54:41.5817270Z test_negative_cost_is_rejected (test_rmapl.RmaplParserTests.test_negative_cost_is_rejected) ... ok
2026-10-10T03:54:41.5818492Z test_nonfinite_bound_is_rejected (test_rmapl.RmaplParserTests.test_nonfinite_bound_is_rejected) ... ok
2026-10-10T03:54:41.5820494Z test_parse_minimal_program (test_rmapl.RmaplParserTests.test_parse_minimal_program) ... ok
2026-10-10T03:54:41.5822112Z test_reordered_repair_fields_fail_closed (test_rmapl.RmaplParserTests.test_reordered_repair_fields_fail_closed) ... ok
2026-10-10T03:54:41.5824466Z test_trailing_content_after_run_is_rejected (test_rmapl.RmaplParserTests.test_trailing_content_after_run_is_rejected) ... ok
2026-10-10T03:54:41.5826198Z test_unknown_top_level_operation_fails_closed (test_rmapl.RmaplParserTests.test_unknown_top_level_operation_fails_closed) ... ok
2026-10-10T03:54:41.5838690Z test_freezing_does_not_add_a_recursion_limit_below_the_json_decoder (test_rmapl_contract_gaps.DeepImmutableBoundContractTests.test_freezing_does_not_add_a_recursion_limit_below_the_json_decoder) ... ok
2026-10-10T03:54:41.5841001Z test_conflicting_objectives_cannot_silently_choose_last_value (test_rmapl_contract_gaps.DuplicateKeyContractTests.test_conflicting_objectives_cannot_silently_choose_last_value) ... ok
2026-10-10T03:54:41.5843094Z test_duplicate_bound_keys_rejected_in_nested_objects (test_rmapl_contract_gaps.DuplicateKeyContractTests.test_duplicate_bound_keys_rejected_in_nested_objects) ... ok
2026-10-10T03:54:41.5845267Z test_escaped_duplicate_key_is_the_same_decoded_key (test_rmapl_contract_gaps.DuplicateKeyContractTests.test_escaped_duplicate_key_is_the_same_decoded_key) ... ok
2026-10-10T03:54:41.5851104Z test_invalid_objective_value_has_contextual_error (test_rmapl_contract_gaps.DuplicateKeyContractTests.test_invalid_objective_value_has_contextual_error) ... ok
2026-10-10T03:54:41.5852998Z test_separate_objects_can_use_the_same_key (test_rmapl_contract_gaps.DuplicateKeyContractTests.test_separate_objects_can_use_the_same_key) ... ok
2026-10-10T03:54:41.5855036Z test_valid_objective_names_and_directions_survive (test_rmapl_contract_gaps.DuplicateKeyContractTests.test_valid_objective_names_and_directions_survive) ... ok
2026-10-10T03:54:41.5857106Z test_cost_integer_overflow_is_a_contextual_validation_error (test_rmapl_contract_gaps.FiniteJSONContractTests.test_cost_integer_overflow_is_a_contextual_validation_error) ... ok
2026-10-10T03:54:41.5859176Z test_exponent_overflow_is_rejected_at_any_json_depth (test_rmapl_contract_gaps.FiniteJSONContractTests.test_exponent_overflow_is_rejected_at_any_json_depth) ... ok
2026-10-10T03:54:41.5861202Z test_finite_extremes_and_json_scalar_types_are_preserved (test_rmapl_contract_gaps.FiniteJSONContractTests.test_finite_extremes_and_json_scalar_types_are_preserved) ... ok
2026-10-10T03:54:41.5863365Z test_nonstandard_constants_still_fail_closed (test_rmapl_contract_gaps.FiniteJSONContractTests.test_nonstandard_constants_still_fail_closed) ... ok
2026-10-10T03:54:41.5865573Z test_nested_array_cannot_be_modified_after_parsing (test_rmapl_contract_gaps.ImmutableBoundContractTests.test_nested_array_cannot_be_modified_after_parsing) ... ok
2026-10-10T03:54:41.5867602Z test_nested_empty_containers_and_order_are_preserved (test_rmapl_contract_gaps.ImmutableBoundContractTests.test_nested_empty_containers_and_order_are_preserved) ... ok
2026-10-10T03:54:41.5869661Z test_nested_mapping_cannot_be_modified_after_parsing (test_rmapl_contract_gaps.ImmutableBoundContractTests.test_nested_mapping_cannot_be_modified_after_parsing) ... ok
2026-10-10T03:54:41.5871234Z test_object_inside_array_cannot_be_modified (test_rmapl_contract_gaps.ImmutableBoundContractTests.test_object_inside_array_cannot_be_modified) ... ok
2026-10-10T03:54:41.5872314Z test_escaped_ascii_control_characters_are_preserved (test_rmapl_contract_gaps.UnicodeCarrierContractTests.test_escaped_ascii_control_characters_are_preserved) ... ok
2026-10-10T03:54:41.5874129Z test_lf_crlf_and_cr_instruction_lines_remain_equivalent (test_rmapl_contract_gaps.UnicodeCarrierContractTests.test_lf_crlf_and_cr_instruction_lines_remain_equivalent) ... ok
2026-10-10T03:54:41.5885903Z test_literal_and_escaped_unicode_in_when_are_equivalent (test_rmapl_contract_gaps.UnicodeCarrierContractTests.test_literal_and_escaped_unicode_in_when_are_equivalent) ... ok
2026-10-10T03:54:41.5888034Z test_unicode_bound_text_is_not_an_instruction_separator (test_rmapl_contract_gaps.UnicodeCarrierContractTests.test_unicode_bound_text_is_not_an_instruction_separator) ... ok
2026-10-10T03:54:41.5908554Z test_explicit_preserves_failure_keeps_existing_diagnostic_precedence (test_rmapl_fitter_authority_floor.FitterAuthorityFloorTests.test_explicit_preserves_failure_keeps_existing_diagnostic_precedence) ... ok
2026-10-10T03:54:41.5930007Z test_fitter_can_refit_ordinary_state_when_declared_preserve_survives (test_rmapl_fitter_authority_floor.FitterAuthorityFloorTests.test_fitter_can_refit_ordinary_state_when_declared_preserve_survives) ... ok
2026-10-10T03:54:41.5950667Z test_fitter_cannot_change_claim_ceiling (test_rmapl_fitter_authority_floor.FitterAuthorityFloorTests.test_fitter_cannot_change_claim_ceiling) ... ok
2026-10-10T03:54:41.5971056Z test_fitter_cannot_change_evidence (test_rmapl_fitter_authority_floor.FitterAuthorityFloorTests.test_fitter_cannot_change_evidence) ... ok
2026-10-10T03:54:41.5992199Z test_fitter_cannot_change_native_identity (test_rmapl_fitter_authority_floor.FitterAuthorityFloorTests.test_fitter_cannot_change_native_identity) ... ok
2026-10-10T03:54:41.6012708Z test_fitter_cannot_change_provenance (test_rmapl_fitter_authority_floor.FitterAuthorityFloorTests.test_fitter_cannot_change_provenance) ... ok
2026-10-10T03:54:41.6033881Z test_fitter_cannot_change_source_refs (test_rmapl_fitter_authority_floor.FitterAuthorityFloorTests.test_fitter_cannot_change_source_refs) ... ok
2026-10-10T03:54:41.6078539Z test_absent_protected_paths_are_unchanged_only_when_absent_on_both_sides (test_rmapl_mutation_scope.MutationScopeTests.test_absent_protected_paths_are_unchanged_only_when_absent_on_both_sides) ... ok
2026-10-10T03:54:41.6123564Z test_array_changes_require_permission_for_the_array (test_rmapl_mutation_scope.MutationScopeTests.test_array_changes_require_permission_for_the_array) ... ok
2026-10-10T03:54:41.6189834Z test_declared_leaf_does_not_authorize_sibling_or_parent_replacement (test_rmapl_mutation_scope.MutationScopeTests.test_declared_leaf_does_not_authorize_sibling_or_parent_replacement) ... ok
2026-10-10T03:54:41.6256498Z test_declared_parent_allows_descendant_changes (test_rmapl_mutation_scope.MutationScopeTests.test_declared_parent_allows_descendant_changes) ... ok
2026-10-10T03:54:41.6279547Z test_declared_residual_and_state_repair_can_succeed (test_rmapl_mutation_scope.MutationScopeTests.test_declared_residual_and_state_repair_can_succeed) ... ok
2026-10-10T03:54:41.6304687Z test_declared_scalar_change_allows_recomputed_envelope_fields (test_rmapl_mutation_scope.MutationScopeTests.test_declared_scalar_change_allows_recomputed_envelope_fields) ... ok
2026-10-10T03:54:41.6327637Z test_derived_field_names_do_not_grant_semantic_permission (test_rmapl_mutation_scope.MutationScopeTests.test_derived_field_names_do_not_grant_semantic_permission) ... ok
2026-10-10T03:54:41.6350064Z test_empty_allowlist_does_not_authorize_edits (test_rmapl_mutation_scope.MutationScopeTests.test_empty_allowlist_does_not_authorize_edits) ... ok
2026-10-10T03:54:41.6391623Z test_existing_protection_rejection_diagnostics_keep_their_contract (test_rmapl_mutation_scope.MutationScopeTests.test_existing_protection_rejection_diagnostics_keep_their_contract) ... ok
2026-10-10T03:54:41.6413307Z test_fitter_without_a_mutation_allowlist_retains_its_contract (test_rmapl_mutation_scope.MutationScopeTests.test_fitter_without_a_mutation_allowlist_retains_its_contract) ... ok
2026-10-10T03:54:41.6436968Z test_literal_dot_key_does_not_impersonate_nested_permission (test_rmapl_mutation_scope.MutationScopeTests.test_literal_dot_key_does_not_impersonate_nested_permission) ... ok
2026-10-10T03:54:41.6484218Z test_multiple_violations_are_retained_and_replay_is_deterministic (test_rmapl_mutation_scope.MutationScopeTests.test_multiple_violations_are_retained_and_replay_is_deterministic) ... ok
2026-10-10T03:54:41.6507356Z test_permission_uses_path_segments_not_string_prefix (test_rmapl_mutation_scope.MutationScopeTests.test_permission_uses_path_segments_not_string_prefix) ... ok
2026-10-10T03:54:41.6548663Z test_preserves_and_forbids_still_override_mutation_permission (test_rmapl_mutation_scope.MutationScopeTests.test_preserves_and_forbids_still_override_mutation_permission) ... ok
2026-10-10T03:54:41.6571036Z test_scalar_type_change_is_not_hidden_by_python_equality (test_rmapl_mutation_scope.MutationScopeTests.test_scalar_type_change_is_not_hidden_by_python_equality) ... ok
2026-10-10T03:54:41.6615228Z test_semantic_aliases_authorize_their_declared_fields (test_rmapl_mutation_scope.MutationScopeTests.test_semantic_aliases_authorize_their_declared_fields) ... ok
2026-10-10T03:54:41.6638361Z test_unchanged_candidate_with_empty_allowlist_keeps_existing_admission (test_rmapl_mutation_scope.MutationScopeTests.test_unchanged_candidate_with_empty_allowlist_keeps_existing_admission) ... ok
2026-10-10T03:54:41.6660808Z test_unchanged_key_reordering_is_not_a_mutation (test_rmapl_mutation_scope.MutationScopeTests.test_unchanged_key_reordering_is_not_a_mutation) ... ok
2026-10-10T03:54:41.6683409Z test_undeclared_addition_is_not_admitted (test_rmapl_mutation_scope.MutationScopeTests.test_undeclared_addition_is_not_admitted) ... ok
2026-10-10T03:54:41.6706662Z test_undeclared_deletion_is_not_admitted (test_rmapl_mutation_scope.MutationScopeTests.test_undeclared_deletion_is_not_admitted) ... ok
2026-10-10T03:54:41.6728894Z test_undeclared_residual_removal_cannot_claim_success (test_rmapl_mutation_scope.MutationScopeTests.test_undeclared_residual_removal_cannot_claim_success) ... ok
2026-10-10T03:54:41.6751341Z test_undeclared_scalar_edit_is_not_admitted (test_rmapl_mutation_scope.MutationScopeTests.test_undeclared_scalar_edit_is_not_admitted) ... ok
2026-10-10T03:54:41.6754128Z test_duplicate_operator_fails_closed (test_rmapl_native.NativeParserTests.test_duplicate_operator_fails_closed) ... ok
2026-10-10T03:54:41.6756655Z test_existing_rmapl_programs_remain_operator_free (test_rmapl_native.NativeParserTests.test_existing_rmapl_programs_remain_operator_free) ... ok
2026-10-10T03:54:41.6759182Z test_native_operator_is_parsed_without_stealing_repair_identity (test_rmapl_native.NativeParserTests.test_native_operator_is_parsed_without_stealing_repair_identity) ... ok
2026-10-10T03:54:41.6761245Z test_static_code_cannot_exceed_runtime_limit (test_rmapl_native.NativeParserTests.test_static_code_cannot_exceed_runtime_limit) ... ok
2026-10-10T03:54:41.6775971Z test_arithmetic_and_bounded_control_flow_are_native (test_rmapl_native.NativeRuntimeTests.test_arithmetic_and_bounded_control_flow_are_native) ... ok
2026-10-10T03:54:41.6783167Z test_input_omega_is_read_only (test_rmapl_native.NativeRuntimeTests.test_input_omega_is_read_only) ... ok
2026-10-10T03:54:41.6791380Z test_loop_stops_at_declared_instruction_limit (test_rmapl_native.NativeRuntimeTests.test_loop_stops_at_declared_instruction_limit) ... ok
2026-10-10T03:54:41.6820729Z test_native_operator_passes_through_existing_verifier (test_rmapl_native.NativeRuntimeTests.test_native_operator_passes_through_existing_verifier) ... ok
2026-10-10T03:54:41.6828381Z test_utf8_buffer_obeys_declared_buffer_limit (test_rmapl_native.NativeRuntimeTests.test_utf8_buffer_obeys_declared_buffer_limit) ... ok
2026-10-10T03:54:41.7012071Z test_audit_is_deterministic_and_bounded (test_rmapl_omega_audit.RmaplOmegaAuditTests.test_audit_is_deterministic_and_bounded) ... ok
2026-10-10T03:54:41.9348634Z test_cli_check_and_repeat_output (test_rmapl_omega_audit.RmaplOmegaAuditTests.test_cli_check_and_repeat_output) ... ok
2026-10-10T03:54:41.9445523Z test_frozen_evidence_matches_current_audit_byte_for_byte (test_rmapl_omega_audit.RmaplOmegaAuditTests.test_frozen_evidence_matches_current_audit_byte_for_byte) ... ok
2026-10-10T03:55:06.0450244Z test_cli_repeat_output_is_byte_identical_and_check_passes (test_rmapl_omega_stress.RmaplOmegaStressTests.test_cli_repeat_output_is_byte_identical_and_check_passes) ... ok
2026-10-10T03:55:14.0398190Z test_frozen_stress_evidence_matches_current_report_byte_for_byte (test_rmapl_omega_stress.RmaplOmegaStressTests.test_frozen_stress_evidence_matches_current_report_byte_for_byte) ... ok
2026-10-10T03:55:22.0606992Z test_stress_evidence_keeps_rmal_response_successor_bounded (test_rmapl_omega_stress.RmaplOmegaStressTests.test_stress_evidence_keeps_rmal_response_successor_bounded) ... ok
2026-10-10T03:55:38.1050611Z test_stress_report_is_deterministic_and_exercises_declared_case_counts (test_rmapl_omega_stress.RmaplOmegaStressTests.test_stress_report_is_deterministic_and_exercises_declared_case_counts) ... ok
2026-10-10T03:56:02.0923712Z test_stress_scale_multiplies_case_counts_without_changing_boundaries (test_rmapl_omega_stress.RmaplOmegaStressTests.test_stress_scale_multiplies_case_counts_without_changing_boundaries) ... ok
2026-10-10T03:56:02.0926183Z test_claim_local_evidence_does_not_amplify (test_rmapl_runtime.RuntimeTests.test_claim_local_evidence_does_not_amplify) ... ok
2026-10-10T03:56:02.0951496Z test_cycle_and_resource_fact_are_both_recorded_with_cycle_precedence (test_rmapl_runtime.RuntimeTests.test_cycle_and_resource_fact_are_both_recorded_with_cycle_precedence) ... ok
2026-10-10T03:56:02.0988231Z test_equivalent_candidates_are_quotiented_with_provenance_union (test_rmapl_runtime.RuntimeTests.test_equivalent_candidates_are_quotiented_with_provenance_union) ... ok
2026-10-10T03:56:02.0990064Z test_kd_dimensions_are_separate (test_rmapl_runtime.RuntimeTests.test_kd_dimensions_are_separate) ... ok
2026-10-10T03:56:02.1013215Z test_max_candidates_bound_is_recorded_and_deterministic (test_rmapl_runtime.RuntimeTests.test_max_candidates_bound_is_recorded_and_deterministic) ... ok
2026-10-10T03:56:02.1024423Z test_missing_required_evidence_stops_at_evidence_bound (test_rmapl_runtime.RuntimeTests.test_missing_required_evidence_stops_at_evidence_bound) ... ok
2026-10-10T03:56:02.1038232Z test_mutating_operator_input_is_rejected (test_rmapl_runtime.RuntimeTests.test_mutating_operator_input_is_rejected) ... ok
2026-10-10T03:56:02.1073753Z test_mutation_and_valid_repair_with_same_consequence_are_not_quotiented_together (test_rmapl_runtime.RuntimeTests.test_mutation_and_valid_repair_with_same_consequence_are_not_quotiented_together) ... ok
2026-10-10T03:56:02.1098898Z test_outer_controller_bound_preserves_last_admitted_branch (test_rmapl_runtime.RuntimeTests.test_outer_controller_bound_preserves_last_admitted_branch) ... ok
2026-10-10T03:56:02.1110339Z test_outer_controller_stop_kinds_fail_closed (test_rmapl_runtime.RuntimeTests.test_outer_controller_stop_kinds_fail_closed) ... ok
2026-10-10T03:56:02.1115126Z test_pareto_incomparable_candidates_remain_separate (test_rmapl_runtime.RuntimeTests.test_pareto_incomparable_candidates_remain_separate) ... ok
2026-10-10T03:56:02.1149898Z test_rejected_mutation_cannot_pareto_dominate_admitted_repair (test_rmapl_runtime.RuntimeTests.test_rejected_mutation_cannot_pareto_dominate_admitted_repair) ... ok
2026-10-10T03:56:02.1171938Z test_repair_breaking_protected_invariant_is_rejected_even_if_residual_falls (test_rmapl_runtime.RuntimeTests.test_repair_breaking_protected_invariant_is_rejected_even_if_residual_falls) ... ok
2026-10-10T03:56:02.1196037Z test_unrequested_handoff_keeps_legacy_no_progress_behavior (test_rmapl_runtime.RuntimeTests.test_unrequested_handoff_keeps_legacy_no_progress_behavior) ... ok
2026-10-10T03:56:02.1205141Z test_absent_limits_keep_existing_defaults (test_rmapl_runtime_bounds.RuntimeBoundContractTests.test_absent_limits_keep_existing_defaults) ... ok
2026-10-10T03:56:02.1214446Z test_each_limit_uses_its_own_stricter_source (test_rmapl_runtime_bounds.RuntimeBoundContractTests.test_each_limit_uses_its_own_stricter_source) ... ok
2026-10-10T03:56:02.1224362Z test_evidence_gate_still_blocks_unauthorized_candidate (test_rmapl_runtime_bounds.RuntimeBoundContractTests.test_evidence_gate_still_blocks_unauthorized_candidate) ... ok
2026-10-10T03:56:02.1246597Z test_input_candidate_limit_cannot_be_widened_by_program (test_rmapl_runtime_bounds.RuntimeBoundContractTests.test_input_candidate_limit_cannot_be_widened_by_program) ... ok
2026-10-10T03:56:02.1267640Z test_input_step_limit_cannot_be_widened_by_program (test_rmapl_runtime_bounds.RuntimeBoundContractTests.test_input_step_limit_cannot_be_widened_by_program) ... ok
2026-10-10T03:56:02.1279015Z test_inputs_and_unrelated_metadata_are_preserved (test_rmapl_runtime_bounds.RuntimeBoundContractTests.test_inputs_and_unrelated_metadata_are_preserved) ... ok
2026-10-10T03:56:02.1372036Z test_invalid_input_limit_is_not_hidden_by_valid_program_limit (test_rmapl_runtime_bounds.RuntimeBoundContractTests.test_invalid_input_limit_is_not_hidden_by_valid_program_limit) ... ok
2026-10-10T03:56:02.1464437Z test_invalid_program_limit_is_not_hidden_by_valid_input_limit (test_rmapl_runtime_bounds.RuntimeBoundContractTests.test_invalid_program_limit_is_not_hidden_by_valid_input_limit) ... ok
2026-10-10T03:56:02.1502329Z test_non_mapping_input_bounds_fail_before_operator_execution (test_rmapl_runtime_bounds.RuntimeBoundContractTests.test_non_mapping_input_bounds_fail_before_operator_execution) ... ok
2026-10-10T03:56:02.1519259Z test_one_sided_declarations_are_not_capped_by_defaults (test_rmapl_runtime_bounds.RuntimeBoundContractTests.test_one_sided_declarations_are_not_capped_by_defaults) ... ok
2026-10-10T03:56:02.1529729Z test_program_can_tighten_both_input_limits (test_rmapl_runtime_bounds.RuntimeBoundContractTests.test_program_can_tighten_both_input_limits) ... ok
2026-10-10T03:56:02.1593186Z test_replay_is_deterministic_with_intersected_limits (test_rmapl_runtime_bounds.RuntimeBoundContractTests.test_replay_is_deterministic_with_intersected_limits) ... ok
2026-10-10T03:56:07.5700251Z test_only_effective_candidate_cap_changes_in_frozen_runtime_observations (test_runtime_bounds_evidence_transition.RuntimeBoundEvidenceTransitionTests.test_only_effective_candidate_cap_changes_in_frozen_runtime_observations) ... ok
2026-10-10T03:56:07.5740625Z test_all_four_new_surfaces_round_trip_same_object (test_s1_carrier_surface.S1CarrierSurfaceTests.test_all_four_new_surfaces_round_trip_same_object) ... ok
2026-10-10T03:56:07.5746726Z test_candidate_surface_never_promotes_candidate_to_admitted (test_s1_carrier_surface.S1CarrierSurfaceTests.test_candidate_surface_never_promotes_candidate_to_admitted) ... ok
2026-10-10T03:56:07.5752462Z test_multi_timescale_surface_preserves_strict_schedule_order (test_s1_carrier_surface.S1CarrierSurfaceTests.test_multi_timescale_surface_preserves_strict_schedule_order) ... ok
2026-10-10T03:56:07.5863893Z test_omega_is_a_second_transport_not_new_authority (test_s1_carrier_surface.S1CarrierSurfaceTests.test_omega_is_a_second_transport_not_new_authority) ... ok
2026-10-10T03:56:07.5871090Z test_one_degree_repair_closes_only_the_witnessed_schedule_residual (test_s1_carrier_surface.S1CarrierSurfaceTests.test_one_degree_repair_closes_only_the_witnessed_schedule_residual) ... ok
2026-10-10T03:56:07.5885834Z test_projection_does_not_mutate_input (test_s1_carrier_surface.S1CarrierSurfaceTests.test_projection_does_not_mutate_input) ... ok
2026-10-10T03:56:07.5889481Z test_repair_cannot_mutate_protected_identity_or_claim_ceiling (test_s1_carrier_surface.S1CarrierSurfaceTests.test_repair_cannot_mutate_protected_identity_or_claim_ceiling) ... ok
2026-10-10T03:56:07.5891897Z test_schedule_order_is_a_typed_residual_not_silent_normalization (test_s1_carrier_surface.S1CarrierSurfaceTests.test_schedule_order_is_a_typed_residual_not_silent_normalization) ... ok
2026-10-10T03:56:07.5898213Z test_semantic_work_unit_surface_carries_full_reconstruction_roles (test_s1_carrier_surface.S1CarrierSurfaceTests.test_semantic_work_unit_surface_carries_full_reconstruction_roles) ... ok
2026-10-10T03:56:07.5904742Z test_stripped_reconstruction_sidecar_is_not_called_rotation (test_s1_carrier_surface.S1CarrierSurfaceTests.test_stripped_reconstruction_sidecar_is_not_called_rotation) ... ok
2026-10-10T03:56:07.5910437Z test_survivor_surface_retains_counterexample_and_next_cut (test_s1_carrier_surface.S1CarrierSurfaceTests.test_survivor_surface_retains_counterexample_and_next_cut) ... ok
2026-10-10T03:56:07.5919360Z test_tampering_protected_identity_is_semantic_decay (test_s1_carrier_surface.S1CarrierSurfaceTests.test_tampering_protected_identity_is_semantic_decay) ... ok
2026-10-10T03:56:07.5923991Z test_dependency_discovery_rejects_unreviewed_artifact_expressions (test_stress_currentness_dependencies.StressCurrentnessDependenciesTests.test_dependency_discovery_rejects_unreviewed_artifact_expressions) ... ok
2026-10-10T03:56:07.5926964Z test_frozen_boundary_matches_live_metadata (test_stress_currentness_dependencies.StressCurrentnessDependenciesTests.test_frozen_boundary_matches_live_metadata) ... ok
2026-10-10T03:56:07.6027998Z test_stress_hodge_dependency_uses_the_verified_external_artifact (test_stress_currentness_dependencies.StressCurrentnessDependenciesTests.test_stress_hodge_dependency_uses_the_verified_external_artifact) ... ok
2026-10-10T03:56:07.6134215Z test_workflow_watches_direct_stress_json_inputs_on_push_and_pr (test_stress_currentness_dependencies.StressCurrentnessDependenciesTests.test_workflow_watches_direct_stress_json_inputs_on_push_and_pr) ... ok
2026-10-10T03:56:07.6137247Z test_workflow_watches_pinned_hodge_controls_after_relocation (test_stress_currentness_dependencies.StressCurrentnessDependenciesTests.test_workflow_watches_pinned_hodge_controls_after_relocation) ... ok
2026-10-10T03:56:07.6138645Z 
2026-10-10T03:56:07.6138878Z ----------------------------------------------------------------------
2026-10-10T03:56:07.6139398Z Ran 376 tests in 197.447s
2026-10-10T03:56:07.6139620Z 
2026-10-10T03:56:07.6139734Z OK
2026-10-10T03:56:07.6422084Z ##[group]Run python3 "Decision Field Operator Lab/run_audit.py" --check
2026-10-10T03:56:07.6422653Z [36;1mpython3 "Decision Field Operator Lab/run_audit.py" --check[0m
2026-10-10T03:56:07.6485732Z shell: /usr/bin/bash -e {0}
2026-10-10T03:56:07.6486003Z env:
2026-10-10T03:56:07.6486251Z   VERIFY_SHA: 49a0154d60d5f0d8a419c3ac808a11442e169402
2026-10-10T03:56:07.6486581Z ##[endgroup]
2026-10-10T03:56:07.7616010Z PASS operator-field audit: 16 Boolean operators, max NAND gates 5, 80 compass headings, 4 symmetry templates, XNOR four-gate negative control preserved.
2026-10-10T03:56:07.7732261Z ##[group]Run python3 "Decision Field Operator Lab/run_gsfl_operator_audit.py" --check
2026-10-10T03:56:07.7732870Z [36;1mpython3 "Decision Field Operator Lab/run_gsfl_operator_audit.py" --check[0m
2026-10-10T03:56:07.7795483Z shell: /usr/bin/bash -e {0}
2026-10-10T03:56:07.7795733Z env:
2026-10-10T03:56:07.7795973Z   VERIFY_SHA: 49a0154d60d5f0d8a419c3ac808a11442e169402
2026-10-10T03:56:07.7796277Z ##[endgroup]
2026-10-10T03:56:07.8361982Z ##[group]Run python3 "Decision Field Operator Lab/run_gsfl_bidirectional_audit.py" --check
2026-10-10T03:56:07.8363248Z [36;1mpython3 "Decision Field Operator Lab/run_gsfl_bidirectional_audit.py" --check[0m
2026-10-10T03:56:07.8438268Z shell: /usr/bin/bash -e {0}
2026-10-10T03:56:07.8438517Z env:
2026-10-10T03:56:07.8438755Z   VERIFY_SHA: 49a0154d60d5f0d8a419c3ac808a11442e169402
2026-10-10T03:56:07.8439066Z ##[endgroup]
2026-10-10T03:56:07.9098823Z ##[group]Run python3 "Decision Field Operator Lab/run_contextual_multicarrier_audit.py" --check
2026-10-10T03:56:07.9099538Z [36;1mpython3 "Decision Field Operator Lab/run_contextual_multicarrier_audit.py" --check[0m
2026-10-10T03:56:07.9162358Z shell: /usr/bin/bash -e {0}
2026-10-10T03:56:07.9162611Z env:
2026-10-10T03:56:07.9162850Z   VERIFY_SHA: 49a0154d60d5f0d8a419c3ac808a11442e169402
2026-10-10T03:56:07.9163167Z ##[endgroup]
2026-10-10T03:56:07.9621567Z contextual multicarrier audit passed: 14/14 checks
2026-10-10T03:56:07.9622339Z d486da9798a729dd658723c27c45c88b9fef9f3907ac38d9597988be65c58cc8
2026-10-10T03:56:07.9707439Z ##[group]Run python3 "Decision Field Operator Lab/run_s1_carrier_surface_audit.py" --check
2026-10-10T03:56:07.9708092Z [36;1mpython3 "Decision Field Operator Lab/run_s1_carrier_surface_audit.py" --check[0m
2026-10-10T03:56:07.9771244Z shell: /usr/bin/bash -e {0}
2026-10-10T03:56:07.9771494Z env:
2026-10-10T03:56:07.9771732Z   VERIFY_SHA: 49a0154d60d5f0d8a419c3ac808a11442e169402
2026-10-10T03:56:07.9772037Z ##[endgroup]
2026-10-10T03:56:08.0332613Z PASS S1 Carrier-Surface audit: 4 carriers; round-trip, Omega transport, negative controls, and one-degree repair reproduced
2026-10-10T03:56:08.0429603Z ##[group]Run python3 "Decision Field Operator Lab/run_rmapl_omega_audit.py" --check
2026-10-10T03:56:08.0430199Z [36;1mpython3 "Decision Field Operator Lab/run_rmapl_omega_audit.py" --check[0m
2026-10-10T03:56:08.0492689Z shell: /usr/bin/bash -e {0}
2026-10-10T03:56:08.0492933Z env:
2026-10-10T03:56:08.0493168Z   VERIFY_SHA: 49a0154d60d5f0d8a419c3ac808a11442e169402
2026-10-10T03:56:08.0493470Z ##[endgroup]
2026-10-10T03:56:08.1272022Z PASS RMAPL Omega audit: 9/9 bounded checks
2026-10-10T03:56:08.1400414Z ##[group]Run python3 "Decision Field Operator Lab/run_rmapl_omega_stress.py" --scale 4 --out /tmp/rmapl-omega-stress-scale4.json
2026-10-10T03:56:08.1401338Z [36;1mpython3 "Decision Field Operator Lab/run_rmapl_omega_stress.py" --scale 4 --out /tmp/rmapl-omega-stress-scale4.json[0m
2026-10-10T03:56:08.1463042Z shell: /usr/bin/bash -e {0}
2026-10-10T03:56:08.1463293Z env:
2026-10-10T03:56:08.1463536Z   VERIFY_SHA: 49a0154d60d5f0d8a419c3ac808a11442e169402
2026-10-10T03:56:08.1463840Z ##[endgroup]
2026-10-10T03:56:40.3987181Z ##[group]Run python3 "Decision Field Operator Lab/run_rmapl_omega_stress.py" --check
2026-10-10T03:56:40.3987805Z [36;1mpython3 "Decision Field Operator Lab/run_rmapl_omega_stress.py" --check[0m
2026-10-10T03:56:40.4049009Z shell: /usr/bin/bash -e {0}
2026-10-10T03:56:40.4049308Z env:
2026-10-10T03:56:40.4049546Z   VERIFY_SHA: 49a0154d60d5f0d8a419c3ac808a11442e169402
2026-10-10T03:56:40.4049850Z ##[endgroup]
2026-10-10T03:56:48.4456468Z PASS RMAPL Omega stress: 5376 fixed-seed adversarial cases, 13/13 checks
2026-10-10T03:56:48.4652762Z Cleaning up orphan processes
